Aug 11 10:55:58 kaydee-virtual-machine kernel: Linux version 6.2.0-26-generic (buildd@bos03-amd64-042) (x86_64-linux-gnu-gcc-11 (Ubuntu 11.3.0-1ubuntu1~22.04.1) 11.3.0, GNU ld (GNU Binutils for Ubuntu) 2.38) #26~22.04.1-Ubuntu SMP PREEMPT_DYNAMIC Thu Jul 13 16:27:29 UTC 2 (Ubuntu 6.2.0-26.26~22.04.1-generic 6.2.13)
Aug 11 10:55:58 kaydee-virtual-machine kernel: Command line: BOOT_IMAGE=/boot/vmlinuz-6.2.0-26-generic root=UUID=bc9fda3e-e3ef-41f3-a906-c2e61b8e0a00 ro quiet splash
Aug 11 10:55:58 kaydee-virtual-machine kernel: KERNEL supported cpus:
Aug 11 10:55:58 kaydee-virtual-machine kernel:   Intel GenuineIntel
Aug 11 10:55:58 kaydee-virtual-machine kernel:   AMD AuthenticAMD
Aug 11 10:55:58 kaydee-virtual-machine kernel:   Hygon HygonGenuine
Aug 11 10:55:58 kaydee-virtual-machine kernel:   Centaur CentaurHauls
Aug 11 10:55:58 kaydee-virtual-machine kernel:   zhaoxin   Shanghai  
Aug 11 10:55:58 kaydee-virtual-machine kernel: Disabled fast string operations
Aug 11 10:55:58 kaydee-virtual-machine kernel: x86/fpu: Supporting XSAVE feature 0x001: 'x87 floating point registers'
Aug 11 10:55:58 kaydee-virtual-machine kernel: x86/fpu: Supporting XSAVE feature 0x002: 'SSE registers'
Aug 11 10:55:58 kaydee-virtual-machine kernel: x86/fpu: Supporting XSAVE feature 0x004: 'AVX registers'
Aug 11 10:55:58 kaydee-virtual-machine kernel: x86/fpu: xstate_offset[2]:  576, xstate_sizes[2]:  256
Aug 11 10:55:58 kaydee-virtual-machine kernel: x86/fpu: Enabled xstate features 0x7, context size is 832 bytes, using 'compacted' format.
Aug 11 10:55:58 kaydee-virtual-machine kernel: signal: max sigframe size: 1776
Aug 11 10:55:58 kaydee-virtual-machine kernel: BIOS-provided physical RAM map:
Aug 11 10:55:58 kaydee-virtual-machine kernel: BIOS-e820: [mem 0x0000000000000000-0x000000000009e7ff] usable
Aug 11 10:55:58 kaydee-virtual-machine kernel: BIOS-e820: [mem 0x000000000009e800-0x000000000009ffff] reserved
Aug 11 10:55:58 kaydee-virtual-machine kernel: BIOS-e820: [mem 0x00000000000dc000-0x00000000000fffff] reserved
Aug 11 10:55:58 kaydee-virtual-machine kernel: BIOS-e820: [mem 0x0000000000100000-0x00000000bfecffff] usable
Aug 11 10:55:58 kaydee-virtual-machine kernel: BIOS-e820: [mem 0x00000000bfed0000-0x00000000bfefefff] ACPI data
Aug 11 10:55:58 kaydee-virtual-machine kernel: BIOS-e820: [mem 0x00000000bfeff000-0x00000000bfefffff] ACPI NVS
Aug 11 10:55:58 kaydee-virtual-machine kernel: BIOS-e820: [mem 0x00000000bff00000-0x00000000bfffffff] usable
Aug 11 10:55:58 kaydee-virtual-machine kernel: BIOS-e820: [mem 0x00000000f0000000-0x00000000f7ffffff] reserved
Aug 11 10:55:58 kaydee-virtual-machine kernel: BIOS-e820: [mem 0x00000000fec00000-0x00000000fec0ffff] reserved
Aug 11 10:55:58 kaydee-virtual-machine kernel: BIOS-e820: [mem 0x00000000fee00000-0x00000000fee00fff] reserved
Aug 11 10:55:58 kaydee-virtual-machine kernel: BIOS-e820: [mem 0x00000000fffe0000-0x00000000ffffffff] reserved
Aug 11 10:55:58 kaydee-virtual-machine kernel: BIOS-e820: [mem 0x0000000100000000-0x000000013fffffff] usable
Aug 11 10:55:58 kaydee-virtual-machine kernel: NX (Execute Disable) protection: active
Aug 11 10:55:58 kaydee-virtual-machine kernel: SMBIOS 2.7 present.
Aug 11 10:55:58 kaydee-virtual-machine kernel: DMI: VMware, Inc. VMware Virtual Platform/440BX Desktop Reference Platform, BIOS 6.00 02/27/2020
Aug 11 10:55:58 kaydee-virtual-machine kernel: vmware: hypercall mode: 0x00
Aug 11 10:55:58 kaydee-virtual-machine kernel: Hypervisor detected: VMware
Aug 11 10:55:58 kaydee-virtual-machine kernel: vmware: TSC freq read from hypervisor : 2112.007 MHz
Aug 11 10:55:58 kaydee-virtual-machine kernel: vmware: Host bus clock speed read from hypervisor : 66000000 Hz
Aug 11 10:55:58 kaydee-virtual-machine kernel: vmware: using clock offset of 17677257740 ns
Aug 11 10:55:58 kaydee-virtual-machine kernel: tsc: Detected 2112.007 MHz processor
Aug 11 10:55:58 kaydee-virtual-machine kernel: e820: update [mem 0x00000000-0x00000fff] usable ==> reserved
Aug 11 10:55:58 kaydee-virtual-machine kernel: e820: remove [mem 0x000a0000-0x000fffff] usable
Aug 11 10:55:58 kaydee-virtual-machine kernel: last_pfn = 0x140000 max_arch_pfn = 0x400000000
Aug 11 10:55:58 kaydee-virtual-machine kernel: total RAM covered: 130048M
Aug 11 10:55:58 kaydee-virtual-machine kernel: Found optimal setting for mtrr clean up
Aug 11 10:55:58 kaydee-virtual-machine kernel:  gran_size: 64K         chunk_size: 64K         num_reg: 7          lose cover RAM: 0G
Aug 11 10:55:58 kaydee-virtual-machine kernel: x86/PAT: Configuration [0-7]: WB  WC  UC- UC  WB  WP  UC- WT  
Aug 11 10:55:58 kaydee-virtual-machine kernel: e820: update [mem 0xc0000000-0xffffffff] usable ==> reserved
Aug 11 10:55:58 kaydee-virtual-machine kernel: last_pfn = 0xc0000 max_arch_pfn = 0x400000000
Aug 11 10:55:58 kaydee-virtual-machine kernel: found SMP MP-table at [mem 0x000f6a70-0x000f6a7f]
Aug 11 10:55:58 kaydee-virtual-machine kernel: Using GB pages for direct mapping
Aug 11 10:55:58 kaydee-virtual-machine kernel: RAMDISK: [mem 0x2f1bf000-0x338d6fff]
Aug 11 10:55:58 kaydee-virtual-machine kernel: ACPI: Early table checksum verification disabled
Aug 11 10:55:58 kaydee-virtual-machine kernel: ACPI: RSDP 0x00000000000F6A00 000024 (v02 PTLTD )
Aug 11 10:55:58 kaydee-virtual-machine kernel: ACPI: XSDT 0x00000000BFEDC633 00005C (v01 INTEL  440BX    06040000 VMW  01324272)
Aug 11 10:55:58 kaydee-virtual-machine kernel: ACPI: FACP 0x00000000BFEFEE73 0000F4 (v04 INTEL  440BX    06040000 PTL  000F4240)
Aug 11 10:55:58 kaydee-virtual-machine kernel: ACPI: DSDT 0x00000000BFEDD9E8 02148B (v01 PTLTD  Custom   06040000 MSFT 03000001)
Aug 11 10:55:58 kaydee-virtual-machine kernel: ACPI: FACS 0x00000000BFEFFFC0 000040
Aug 11 10:55:58 kaydee-virtual-machine kernel: ACPI: FACS 0x00000000BFEFFFC0 000040
Aug 11 10:55:58 kaydee-virtual-machine kernel: ACPI: BOOT 0x00000000BFEDD9C0 000028 (v01 PTLTD  $SBFTBL$ 06040000  LTP 00000001)
Aug 11 10:55:58 kaydee-virtual-machine kernel: ACPI: APIC 0x00000000BFEDD27E 000742 (v01 PTLTD  ? APIC   06040000  LTP 00000000)
Aug 11 10:55:58 kaydee-virtual-machine kernel: ACPI: MCFG 0x00000000BFEDD242 00003C (v01 PTLTD  $PCITBL$ 06040000  LTP 00000001)
Aug 11 10:55:58 kaydee-virtual-machine kernel: ACPI: SRAT 0x00000000BFEDC72F 0008D0 (v02 VMWARE MEMPLUG  06040000 VMW  00000001)
Aug 11 10:55:58 kaydee-virtual-machine kernel: ACPI: HPET 0x00000000BFEDC6F7 000038 (v01 VMWARE VMW HPET 06040000 VMW  00000001)
Aug 11 10:55:58 kaydee-virtual-machine kernel: ACPI: WAET 0x00000000BFEDC6CF 000028 (v01 VMWARE VMW WAET 06040000 VMW  00000001)
Aug 11 10:55:58 kaydee-virtual-machine kernel: ACPI: Reserving FACP table memory at [mem 0xbfefee73-0xbfefef66]
Aug 11 10:55:58 kaydee-virtual-machine kernel: ACPI: Reserving DSDT table memory at [mem 0xbfedd9e8-0xbfefee72]
Aug 11 10:55:58 kaydee-virtual-machine kernel: ACPI: Reserving FACS table memory at [mem 0xbfefffc0-0xbfefffff]
Aug 11 10:55:58 kaydee-virtual-machine kernel: ACPI: Reserving FACS table memory at [mem 0xbfefffc0-0xbfefffff]
Aug 11 10:55:58 kaydee-virtual-machine kernel: ACPI: Reserving BOOT table memory at [mem 0xbfedd9c0-0xbfedd9e7]
Aug 11 10:55:58 kaydee-virtual-machine kernel: ACPI: Reserving APIC table memory at [mem 0xbfedd27e-0xbfedd9bf]
Aug 11 10:55:58 kaydee-virtual-machine kernel: ACPI: Reserving MCFG table memory at [mem 0xbfedd242-0xbfedd27d]
Aug 11 10:55:58 kaydee-virtual-machine kernel: ACPI: Reserving SRAT table memory at [mem 0xbfedc72f-0xbfedcffe]
Aug 11 10:55:58 kaydee-virtual-machine kernel: ACPI: Reserving HPET table memory at [mem 0xbfedc6f7-0xbfedc72e]
Aug 11 10:55:58 kaydee-virtual-machine kernel: ACPI: Reserving WAET table memory at [mem 0xbfedc6cf-0xbfedc6f6]
Aug 11 10:55:58 kaydee-virtual-machine kernel: system APIC only can use physical flat
Aug 11 10:55:58 kaydee-virtual-machine kernel: Setting APIC routing to physical flat.
Aug 11 10:55:58 kaydee-virtual-machine kernel: SRAT: PXM 0 -> APIC 0x00 -> Node 0
Aug 11 10:55:58 kaydee-virtual-machine kernel: SRAT: PXM 0 -> APIC 0x02 -> Node 0
Aug 11 10:55:58 kaydee-virtual-machine kernel: SRAT: PXM 0 -> APIC 0x04 -> Node 0
Aug 11 10:55:58 kaydee-virtual-machine kernel: SRAT: PXM 0 -> APIC 0x06 -> Node 0
Aug 11 10:55:58 kaydee-virtual-machine kernel: SRAT: PXM 0 -> APIC 0x08 -> Node 0
Aug 11 10:55:58 kaydee-virtual-machine kernel: SRAT: PXM 0 -> APIC 0x0a -> Node 0
Aug 11 10:55:58 kaydee-virtual-machine kernel: SRAT: PXM 0 -> APIC 0x0c -> Node 0
Aug 11 10:55:58 kaydee-virtual-machine kernel: SRAT: PXM 0 -> APIC 0x0e -> Node 0
Aug 11 10:55:58 kaydee-virtual-machine kernel: SRAT: PXM 0 -> APIC 0x10 -> Node 0
Aug 11 10:55:58 kaydee-virtual-machine kernel: SRAT: PXM 0 -> APIC 0x12 -> Node 0
Aug 11 10:55:58 kaydee-virtual-machine kernel: SRAT: PXM 0 -> APIC 0x14 -> Node 0
Aug 11 10:55:58 kaydee-virtual-machine kernel: SRAT: PXM 0 -> APIC 0x16 -> Node 0
Aug 11 10:55:58 kaydee-virtual-machine kernel: SRAT: PXM 0 -> APIC 0x18 -> Node 0
Aug 11 10:55:58 kaydee-virtual-machine kernel: SRAT: PXM 0 -> APIC 0x1a -> Node 0
Aug 11 10:55:58 kaydee-virtual-machine kernel: SRAT: PXM 0 -> APIC 0x1c -> Node 0
Aug 11 10:55:58 kaydee-virtual-machine kernel: SRAT: PXM 0 -> APIC 0x1e -> Node 0
Aug 11 10:55:58 kaydee-virtual-machine kernel: SRAT: PXM 0 -> APIC 0x20 -> Node 0
Aug 11 10:55:58 kaydee-virtual-machine kernel: SRAT: PXM 0 -> APIC 0x22 -> Node 0
Aug 11 10:55:58 kaydee-virtual-machine kernel: SRAT: PXM 0 -> APIC 0x24 -> Node 0
Aug 11 10:55:58 kaydee-virtual-machine kernel: SRAT: PXM 0 -> APIC 0x26 -> Node 0
Aug 11 10:55:58 kaydee-virtual-machine kernel: SRAT: PXM 0 -> APIC 0x28 -> Node 0
Aug 11 10:55:58 kaydee-virtual-machine kernel: SRAT: PXM 0 -> APIC 0x2a -> Node 0
Aug 11 10:55:58 kaydee-virtual-machine kernel: SRAT: PXM 0 -> APIC 0x2c -> Node 0
Aug 11 10:55:58 kaydee-virtual-machine kernel: SRAT: PXM 0 -> APIC 0x2e -> Node 0
Aug 11 10:55:58 kaydee-virtual-machine kernel: SRAT: PXM 0 -> APIC 0x30 -> Node 0
Aug 11 10:55:58 kaydee-virtual-machine kernel: SRAT: PXM 0 -> APIC 0x32 -> Node 0
Aug 11 10:55:58 kaydee-virtual-machine kernel: SRAT: PXM 0 -> APIC 0x34 -> Node 0
Aug 11 10:55:58 kaydee-virtual-machine kernel: SRAT: PXM 0 -> APIC 0x36 -> Node 0
Aug 11 10:55:58 kaydee-virtual-machine kernel: SRAT: PXM 0 -> APIC 0x38 -> Node 0
Aug 11 10:55:58 kaydee-virtual-machine kernel: SRAT: PXM 0 -> APIC 0x3a -> Node 0
Aug 11 10:55:58 kaydee-virtual-machine kernel: SRAT: PXM 0 -> APIC 0x3c -> Node 0
Aug 11 10:55:58 kaydee-virtual-machine kernel: SRAT: PXM 0 -> APIC 0x3e -> Node 0
Aug 11 10:55:58 kaydee-virtual-machine kernel: SRAT: PXM 0 -> APIC 0x40 -> Node 0
Aug 11 10:55:58 kaydee-virtual-machine kernel: SRAT: PXM 0 -> APIC 0x42 -> Node 0
Aug 11 10:55:58 kaydee-virtual-machine kernel: SRAT: PXM 0 -> APIC 0x44 -> Node 0
Aug 11 10:55:58 kaydee-virtual-machine kernel: SRAT: PXM 0 -> APIC 0x46 -> Node 0
Aug 11 10:55:58 kaydee-virtual-machine kernel: SRAT: PXM 0 -> APIC 0x48 -> Node 0
Aug 11 10:55:58 kaydee-virtual-machine kernel: SRAT: PXM 0 -> APIC 0x4a -> Node 0
Aug 11 10:55:58 kaydee-virtual-machine kernel: SRAT: PXM 0 -> APIC 0x4c -> Node 0
Aug 11 10:55:58 kaydee-virtual-machine kernel: SRAT: PXM 0 -> APIC 0x4e -> Node 0
Aug 11 10:55:58 kaydee-virtual-machine kernel: SRAT: PXM 0 -> APIC 0x50 -> Node 0
Aug 11 10:55:58 kaydee-virtual-machine kernel: SRAT: PXM 0 -> APIC 0x52 -> Node 0
Aug 11 10:55:58 kaydee-virtual-machine kernel: SRAT: PXM 0 -> APIC 0x54 -> Node 0
Aug 11 10:55:58 kaydee-virtual-machine kernel: SRAT: PXM 0 -> APIC 0x56 -> Node 0
Aug 11 10:55:58 kaydee-virtual-machine kernel: SRAT: PXM 0 -> APIC 0x58 -> Node 0
Aug 11 10:55:58 kaydee-virtual-machine kernel: SRAT: PXM 0 -> APIC 0x5a -> Node 0
Aug 11 10:55:58 kaydee-virtual-machine kernel: SRAT: PXM 0 -> APIC 0x5c -> Node 0
Aug 11 10:55:58 kaydee-virtual-machine kernel: SRAT: PXM 0 -> APIC 0x5e -> Node 0
Aug 11 10:55:58 kaydee-virtual-machine kernel: SRAT: PXM 0 -> APIC 0x60 -> Node 0
Aug 11 10:55:58 kaydee-virtual-machine kernel: SRAT: PXM 0 -> APIC 0x62 -> Node 0
Aug 11 10:55:58 kaydee-virtual-machine kernel: SRAT: PXM 0 -> APIC 0x64 -> Node 0
Aug 11 10:55:58 kaydee-virtual-machine kernel: SRAT: PXM 0 -> APIC 0x66 -> Node 0
Aug 11 10:55:58 kaydee-virtual-machine kernel: SRAT: PXM 0 -> APIC 0x68 -> Node 0
Aug 11 10:55:58 kaydee-virtual-machine kernel: SRAT: PXM 0 -> APIC 0x6a -> Node 0
Aug 11 10:55:58 kaydee-virtual-machine kernel: SRAT: PXM 0 -> APIC 0x6c -> Node 0
Aug 11 10:55:58 kaydee-virtual-machine kernel: SRAT: PXM 0 -> APIC 0x6e -> Node 0
Aug 11 10:55:58 kaydee-virtual-machine kernel: SRAT: PXM 0 -> APIC 0x70 -> Node 0
Aug 11 10:55:58 kaydee-virtual-machine kernel: SRAT: PXM 0 -> APIC 0x72 -> Node 0
Aug 11 10:55:58 kaydee-virtual-machine kernel: SRAT: PXM 0 -> APIC 0x74 -> Node 0
Aug 11 10:55:58 kaydee-virtual-machine kernel: SRAT: PXM 0 -> APIC 0x76 -> Node 0
Aug 11 10:55:58 kaydee-virtual-machine kernel: SRAT: PXM 0 -> APIC 0x78 -> Node 0
Aug 11 10:55:58 kaydee-virtual-machine kernel: SRAT: PXM 0 -> APIC 0x7a -> Node 0
Aug 11 10:55:58 kaydee-virtual-machine kernel: SRAT: PXM 0 -> APIC 0x7c -> Node 0
Aug 11 10:55:58 kaydee-virtual-machine kernel: SRAT: PXM 0 -> APIC 0x7e -> Node 0
Aug 11 10:55:58 kaydee-virtual-machine kernel: SRAT: PXM 0 -> APIC 0x80 -> Node 0
Aug 11 10:55:58 kaydee-virtual-machine kernel: SRAT: PXM 0 -> APIC 0x82 -> Node 0
Aug 11 10:55:58 kaydee-virtual-machine kernel: SRAT: PXM 0 -> APIC 0x84 -> Node 0
Aug 11 10:55:58 kaydee-virtual-machine kernel: SRAT: PXM 0 -> APIC 0x86 -> Node 0
Aug 11 10:55:58 kaydee-virtual-machine kernel: SRAT: PXM 0 -> APIC 0x88 -> Node 0
Aug 11 10:55:58 kaydee-virtual-machine kernel: SRAT: PXM 0 -> APIC 0x8a -> Node 0
Aug 11 10:55:58 kaydee-virtual-machine kernel: SRAT: PXM 0 -> APIC 0x8c -> Node 0
Aug 11 10:55:58 kaydee-virtual-machine kernel: SRAT: PXM 0 -> APIC 0x8e -> Node 0
Aug 11 10:55:58 kaydee-virtual-machine kernel: SRAT: PXM 0 -> APIC 0x90 -> Node 0
Aug 11 10:55:58 kaydee-virtual-machine kernel: SRAT: PXM 0 -> APIC 0x92 -> Node 0
Aug 11 10:55:58 kaydee-virtual-machine kernel: SRAT: PXM 0 -> APIC 0x94 -> Node 0
Aug 11 10:55:58 kaydee-virtual-machine kernel: SRAT: PXM 0 -> APIC 0x96 -> Node 0
Aug 11 10:55:58 kaydee-virtual-machine kernel: SRAT: PXM 0 -> APIC 0x98 -> Node 0
Aug 11 10:55:58 kaydee-virtual-machine kernel: SRAT: PXM 0 -> APIC 0x9a -> Node 0
Aug 11 10:55:58 kaydee-virtual-machine kernel: SRAT: PXM 0 -> APIC 0x9c -> Node 0
Aug 11 10:55:58 kaydee-virtual-machine kernel: SRAT: PXM 0 -> APIC 0x9e -> Node 0
Aug 11 10:55:58 kaydee-virtual-machine kernel: SRAT: PXM 0 -> APIC 0xa0 -> Node 0
Aug 11 10:55:58 kaydee-virtual-machine kernel: SRAT: PXM 0 -> APIC 0xa2 -> Node 0
Aug 11 10:55:58 kaydee-virtual-machine kernel: SRAT: PXM 0 -> APIC 0xa4 -> Node 0
Aug 11 10:55:58 kaydee-virtual-machine kernel: SRAT: PXM 0 -> APIC 0xa6 -> Node 0
Aug 11 10:55:58 kaydee-virtual-machine kernel: SRAT: PXM 0 -> APIC 0xa8 -> Node 0
Aug 11 10:55:58 kaydee-virtual-machine kernel: SRAT: PXM 0 -> APIC 0xaa -> Node 0
Aug 11 10:55:58 kaydee-virtual-machine kernel: SRAT: PXM 0 -> APIC 0xac -> Node 0
Aug 11 10:55:58 kaydee-virtual-machine kernel: SRAT: PXM 0 -> APIC 0xae -> Node 0
Aug 11 10:55:58 kaydee-virtual-machine kernel: SRAT: PXM 0 -> APIC 0xb0 -> Node 0
Aug 11 10:55:58 kaydee-virtual-machine kernel: SRAT: PXM 0 -> APIC 0xb2 -> Node 0
Aug 11 10:55:58 kaydee-virtual-machine kernel: SRAT: PXM 0 -> APIC 0xb4 -> Node 0
Aug 11 10:55:58 kaydee-virtual-machine kernel: SRAT: PXM 0 -> APIC 0xb6 -> Node 0
Aug 11 10:55:58 kaydee-virtual-machine kernel: SRAT: PXM 0 -> APIC 0xb8 -> Node 0
Aug 11 10:55:58 kaydee-virtual-machine kernel: SRAT: PXM 0 -> APIC 0xba -> Node 0
Aug 11 10:55:58 kaydee-virtual-machine kernel: SRAT: PXM 0 -> APIC 0xbc -> Node 0
Aug 11 10:55:58 kaydee-virtual-machine kernel: SRAT: PXM 0 -> APIC 0xbe -> Node 0
Aug 11 10:55:58 kaydee-virtual-machine kernel: SRAT: PXM 0 -> APIC 0xc0 -> Node 0
Aug 11 10:55:58 kaydee-virtual-machine kernel: SRAT: PXM 0 -> APIC 0xc2 -> Node 0
Aug 11 10:55:58 kaydee-virtual-machine kernel: SRAT: PXM 0 -> APIC 0xc4 -> Node 0
Aug 11 10:55:58 kaydee-virtual-machine kernel: SRAT: PXM 0 -> APIC 0xc6 -> Node 0
Aug 11 10:55:58 kaydee-virtual-machine kernel: SRAT: PXM 0 -> APIC 0xc8 -> Node 0
Aug 11 10:55:58 kaydee-virtual-machine kernel: SRAT: PXM 0 -> APIC 0xca -> Node 0
Aug 11 10:55:58 kaydee-virtual-machine kernel: SRAT: PXM 0 -> APIC 0xcc -> Node 0
Aug 11 10:55:58 kaydee-virtual-machine kernel: SRAT: PXM 0 -> APIC 0xce -> Node 0
Aug 11 10:55:58 kaydee-virtual-machine kernel: SRAT: PXM 0 -> APIC 0xd0 -> Node 0
Aug 11 10:55:58 kaydee-virtual-machine kernel: SRAT: PXM 0 -> APIC 0xd2 -> Node 0
Aug 11 10:55:58 kaydee-virtual-machine kernel: SRAT: PXM 0 -> APIC 0xd4 -> Node 0
Aug 11 10:55:58 kaydee-virtual-machine kernel: SRAT: PXM 0 -> APIC 0xd6 -> Node 0
Aug 11 10:55:58 kaydee-virtual-machine kernel: SRAT: PXM 0 -> APIC 0xd8 -> Node 0
Aug 11 10:55:58 kaydee-virtual-machine kernel: SRAT: PXM 0 -> APIC 0xda -> Node 0
Aug 11 10:55:58 kaydee-virtual-machine kernel: SRAT: PXM 0 -> APIC 0xdc -> Node 0
Aug 11 10:55:58 kaydee-virtual-machine kernel: SRAT: PXM 0 -> APIC 0xde -> Node 0
Aug 11 10:55:58 kaydee-virtual-machine kernel: SRAT: PXM 0 -> APIC 0xe0 -> Node 0
Aug 11 10:55:58 kaydee-virtual-machine kernel: SRAT: PXM 0 -> APIC 0xe2 -> Node 0
Aug 11 10:55:58 kaydee-virtual-machine kernel: SRAT: PXM 0 -> APIC 0xe4 -> Node 0
Aug 11 10:55:58 kaydee-virtual-machine kernel: SRAT: PXM 0 -> APIC 0xe6 -> Node 0
Aug 11 10:55:58 kaydee-virtual-machine kernel: SRAT: PXM 0 -> APIC 0xe8 -> Node 0
Aug 11 10:55:58 kaydee-virtual-machine kernel: SRAT: PXM 0 -> APIC 0xea -> Node 0
Aug 11 10:55:58 kaydee-virtual-machine kernel: SRAT: PXM 0 -> APIC 0xec -> Node 0
Aug 11 10:55:58 kaydee-virtual-machine kernel: SRAT: PXM 0 -> APIC 0xee -> Node 0
Aug 11 10:55:58 kaydee-virtual-machine kernel: SRAT: PXM 0 -> APIC 0xf0 -> Node 0
Aug 11 10:55:58 kaydee-virtual-machine kernel: SRAT: PXM 0 -> APIC 0xf2 -> Node 0
Aug 11 10:55:58 kaydee-virtual-machine kernel: SRAT: PXM 0 -> APIC 0xf4 -> Node 0
Aug 11 10:55:58 kaydee-virtual-machine kernel: SRAT: PXM 0 -> APIC 0xf6 -> Node 0
Aug 11 10:55:58 kaydee-virtual-machine kernel: SRAT: PXM 0 -> APIC 0xf8 -> Node 0
Aug 11 10:55:58 kaydee-virtual-machine kernel: SRAT: PXM 0 -> APIC 0xfa -> Node 0
Aug 11 10:55:58 kaydee-virtual-machine kernel: SRAT: PXM 0 -> APIC 0xfc -> Node 0
Aug 11 10:55:58 kaydee-virtual-machine kernel: SRAT: PXM 0 -> APIC 0xfe -> Node 0
Aug 11 10:55:58 kaydee-virtual-machine kernel: ACPI: SRAT: Node 0 PXM 0 [mem 0x00000000-0x0009ffff]
Aug 11 10:55:58 kaydee-virtual-machine kernel: ACPI: SRAT: Node 0 PXM 0 [mem 0x00100000-0xbfffffff]
Aug 11 10:55:58 kaydee-virtual-machine kernel: ACPI: SRAT: Node 0 PXM 0 [mem 0x100000000-0x13fffffff]
Aug 11 10:55:58 kaydee-virtual-machine kernel: ACPI: SRAT: Node 0 PXM 0 [mem 0x140000000-0x103fffffff] hotplug
Aug 11 10:55:58 kaydee-virtual-machine kernel: NUMA: Node 0 [mem 0x00000000-0x0009ffff] + [mem 0x00100000-0xbfffffff] -> [mem 0x00000000-0xbfffffff]
Aug 11 10:55:58 kaydee-virtual-machine kernel: NUMA: Node 0 [mem 0x00000000-0xbfffffff] + [mem 0x100000000-0x13fffffff] -> [mem 0x00000000-0x13fffffff]
Aug 11 10:55:58 kaydee-virtual-machine kernel: NODE_DATA(0) allocated [mem 0x13ffd3000-0x13fffdfff]
Aug 11 10:55:58 kaydee-virtual-machine kernel: Zone ranges:
Aug 11 10:55:58 kaydee-virtual-machine kernel:   DMA      [mem 0x0000000000001000-0x0000000000ffffff]
Aug 11 10:55:58 kaydee-virtual-machine kernel:   DMA32    [mem 0x0000000001000000-0x00000000ffffffff]
Aug 11 10:55:58 kaydee-virtual-machine kernel:   Normal   [mem 0x0000000100000000-0x000000013fffffff]
Aug 11 10:55:58 kaydee-virtual-machine kernel:   Device   empty
Aug 11 10:55:58 kaydee-virtual-machine kernel: Movable zone start for each node
Aug 11 10:55:58 kaydee-virtual-machine kernel: Early memory node ranges
Aug 11 10:55:58 kaydee-virtual-machine kernel:   node   0: [mem 0x0000000000001000-0x000000000009dfff]
Aug 11 10:55:58 kaydee-virtual-machine kernel:   node   0: [mem 0x0000000000100000-0x00000000bfecffff]
Aug 11 10:55:58 kaydee-virtual-machine kernel:   node   0: [mem 0x00000000bff00000-0x00000000bfffffff]
Aug 11 10:55:58 kaydee-virtual-machine kernel:   node   0: [mem 0x0000000100000000-0x000000013fffffff]
Aug 11 10:55:58 kaydee-virtual-machine kernel: Initmem setup node 0 [mem 0x0000000000001000-0x000000013fffffff]
Aug 11 10:55:58 kaydee-virtual-machine kernel: On node 0, zone DMA: 1 pages in unavailable ranges
Aug 11 10:55:58 kaydee-virtual-machine kernel: On node 0, zone DMA: 98 pages in unavailable ranges
Aug 11 10:55:58 kaydee-virtual-machine kernel: On node 0, zone DMA32: 48 pages in unavailable ranges
Aug 11 10:55:58 kaydee-virtual-machine kernel: ACPI: PM-Timer IO Port: 0x1008
Aug 11 10:55:58 kaydee-virtual-machine kernel: system APIC only can use physical flat
Aug 11 10:55:58 kaydee-virtual-machine kernel: ACPI: LAPIC_NMI (acpi_id[0x00] high edge lint[0x1])
Aug 11 10:55:58 kaydee-virtual-machine kernel: ACPI: LAPIC_NMI (acpi_id[0x01] high edge lint[0x1])
Aug 11 10:55:58 kaydee-virtual-machine kernel: ACPI: LAPIC_NMI (acpi_id[0x02] high edge lint[0x1])
Aug 11 10:55:58 kaydee-virtual-machine kernel: ACPI: LAPIC_NMI (acpi_id[0x03] high edge lint[0x1])
Aug 11 10:55:58 kaydee-virtual-machine kernel: ACPI: LAPIC_NMI (acpi_id[0x04] high edge lint[0x1])
Aug 11 10:55:58 kaydee-virtual-machine kernel: ACPI: LAPIC_NMI (acpi_id[0x05] high edge lint[0x1])
Aug 11 10:55:58 kaydee-virtual-machine kernel: ACPI: LAPIC_NMI (acpi_id[0x06] high edge lint[0x1])
Aug 11 10:55:58 kaydee-virtual-machine kernel: ACPI: LAPIC_NMI (acpi_id[0x07] high edge lint[0x1])
Aug 11 10:55:58 kaydee-virtual-machine kernel: ACPI: LAPIC_NMI (acpi_id[0x08] high edge lint[0x1])
Aug 11 10:55:58 kaydee-virtual-machine kernel: ACPI: LAPIC_NMI (acpi_id[0x09] high edge lint[0x1])
Aug 11 10:55:58 kaydee-virtual-machine kernel: ACPI: LAPIC_NMI (acpi_id[0x0a] high edge lint[0x1])
Aug 11 10:55:58 kaydee-virtual-machine kernel: ACPI: LAPIC_NMI (acpi_id[0x0b] high edge lint[0x1])
Aug 11 10:55:58 kaydee-virtual-machine kernel: ACPI: LAPIC_NMI (acpi_id[0x0c] high edge lint[0x1])
Aug 11 10:55:58 kaydee-virtual-machine kernel: ACPI: LAPIC_NMI (acpi_id[0x0d] high edge lint[0x1])
Aug 11 10:55:58 kaydee-virtual-machine kernel: ACPI: LAPIC_NMI (acpi_id[0x0e] high edge lint[0x1])
Aug 11 10:55:58 kaydee-virtual-machine kernel: ACPI: LAPIC_NMI (acpi_id[0x0f] high edge lint[0x1])
Aug 11 10:55:58 kaydee-virtual-machine kernel: ACPI: LAPIC_NMI (acpi_id[0x10] high edge lint[0x1])
Aug 11 10:55:58 kaydee-virtual-machine kernel: ACPI: LAPIC_NMI (acpi_id[0x11] high edge lint[0x1])
Aug 11 10:55:58 kaydee-virtual-machine kernel: ACPI: LAPIC_NMI (acpi_id[0x12] high edge lint[0x1])
Aug 11 10:55:58 kaydee-virtual-machine kernel: ACPI: LAPIC_NMI (acpi_id[0x13] high edge lint[0x1])
Aug 11 10:55:58 kaydee-virtual-machine kernel: ACPI: LAPIC_NMI (acpi_id[0x14] high edge lint[0x1])
Aug 11 10:55:58 kaydee-virtual-machine kernel: ACPI: LAPIC_NMI (acpi_id[0x15] high edge lint[0x1])
Aug 11 10:55:58 kaydee-virtual-machine kernel: ACPI: LAPIC_NMI (acpi_id[0x16] high edge lint[0x1])
Aug 11 10:55:58 kaydee-virtual-machine kernel: ACPI: LAPIC_NMI (acpi_id[0x17] high edge lint[0x1])
Aug 11 10:55:58 kaydee-virtual-machine kernel: ACPI: LAPIC_NMI (acpi_id[0x18] high edge lint[0x1])
Aug 11 10:55:58 kaydee-virtual-machine kernel: ACPI: LAPIC_NMI (acpi_id[0x19] high edge lint[0x1])
Aug 11 10:55:58 kaydee-virtual-machine kernel: ACPI: LAPIC_NMI (acpi_id[0x1a] high edge lint[0x1])
Aug 11 10:55:58 kaydee-virtual-machine kernel: ACPI: LAPIC_NMI (acpi_id[0x1b] high edge lint[0x1])
Aug 11 10:55:58 kaydee-virtual-machine kernel: ACPI: LAPIC_NMI (acpi_id[0x1c] high edge lint[0x1])
Aug 11 10:55:58 kaydee-virtual-machine kernel: ACPI: LAPIC_NMI (acpi_id[0x1d] high edge lint[0x1])
Aug 11 10:55:58 kaydee-virtual-machine kernel: ACPI: LAPIC_NMI (acpi_id[0x1e] high edge lint[0x1])
Aug 11 10:55:58 kaydee-virtual-machine kernel: ACPI: LAPIC_NMI (acpi_id[0x1f] high edge lint[0x1])
Aug 11 10:55:58 kaydee-virtual-machine kernel: ACPI: LAPIC_NMI (acpi_id[0x20] high edge lint[0x1])
Aug 11 10:55:58 kaydee-virtual-machine kernel: ACPI: LAPIC_NMI (acpi_id[0x21] high edge lint[0x1])
Aug 11 10:55:58 kaydee-virtual-machine kernel: ACPI: LAPIC_NMI (acpi_id[0x22] high edge lint[0x1])
Aug 11 10:55:58 kaydee-virtual-machine kernel: ACPI: LAPIC_NMI (acpi_id[0x23] high edge lint[0x1])
Aug 11 10:55:58 kaydee-virtual-machine kernel: ACPI: LAPIC_NMI (acpi_id[0x24] high edge lint[0x1])
Aug 11 10:55:58 kaydee-virtual-machine kernel: ACPI: LAPIC_NMI (acpi_id[0x25] high edge lint[0x1])
Aug 11 10:55:58 kaydee-virtual-machine kernel: ACPI: LAPIC_NMI (acpi_id[0x26] high edge lint[0x1])
Aug 11 10:55:58 kaydee-virtual-machine kernel: ACPI: LAPIC_NMI (acpi_id[0x27] high edge lint[0x1])
Aug 11 10:55:58 kaydee-virtual-machine kernel: ACPI: LAPIC_NMI (acpi_id[0x28] high edge lint[0x1])
Aug 11 10:55:58 kaydee-virtual-machine kernel: ACPI: LAPIC_NMI (acpi_id[0x29] high edge lint[0x1])
Aug 11 10:55:58 kaydee-virtual-machine kernel: ACPI: LAPIC_NMI (acpi_id[0x2a] high edge lint[0x1])
Aug 11 10:55:58 kaydee-virtual-machine kernel: ACPI: LAPIC_NMI (acpi_id[0x2b] high edge lint[0x1])
Aug 11 10:55:58 kaydee-virtual-machine kernel: ACPI: LAPIC_NMI (acpi_id[0x2c] high edge lint[0x1])
Aug 11 10:55:58 kaydee-virtual-machine kernel: ACPI: LAPIC_NMI (acpi_id[0x2d] high edge lint[0x1])
Aug 11 10:55:58 kaydee-virtual-machine kernel: ACPI: LAPIC_NMI (acpi_id[0x2e] high edge lint[0x1])
Aug 11 10:55:58 kaydee-virtual-machine kernel: ACPI: LAPIC_NMI (acpi_id[0x2f] high edge lint[0x1])
Aug 11 10:55:58 kaydee-virtual-machine kernel: ACPI: LAPIC_NMI (acpi_id[0x30] high edge lint[0x1])
Aug 11 10:55:58 kaydee-virtual-machine kernel: ACPI: LAPIC_NMI (acpi_id[0x31] high edge lint[0x1])
Aug 11 10:55:58 kaydee-virtual-machine kernel: ACPI: LAPIC_NMI (acpi_id[0x32] high edge lint[0x1])
Aug 11 10:55:58 kaydee-virtual-machine kernel: ACPI: LAPIC_NMI (acpi_id[0x33] high edge lint[0x1])
Aug 11 10:55:58 kaydee-virtual-machine kernel: ACPI: LAPIC_NMI (acpi_id[0x34] high edge lint[0x1])
Aug 11 10:55:58 kaydee-virtual-machine kernel: ACPI: LAPIC_NMI (acpi_id[0x35] high edge lint[0x1])
Aug 11 10:55:58 kaydee-virtual-machine kernel: ACPI: LAPIC_NMI (acpi_id[0x36] high edge lint[0x1])
Aug 11 10:55:58 kaydee-virtual-machine kernel: ACPI: LAPIC_NMI (acpi_id[0x37] high edge lint[0x1])
Aug 11 10:55:58 kaydee-virtual-machine kernel: ACPI: LAPIC_NMI (acpi_id[0x38] high edge lint[0x1])
Aug 11 10:55:58 kaydee-virtual-machine kernel: ACPI: LAPIC_NMI (acpi_id[0x39] high edge lint[0x1])
Aug 11 10:55:58 kaydee-virtual-machine kernel: ACPI: LAPIC_NMI (acpi_id[0x3a] high edge lint[0x1])
Aug 11 10:55:58 kaydee-virtual-machine kernel: ACPI: LAPIC_NMI (acpi_id[0x3b] high edge lint[0x1])
Aug 11 10:55:58 kaydee-virtual-machine kernel: ACPI: LAPIC_NMI (acpi_id[0x3c] high edge lint[0x1])
Aug 11 10:55:58 kaydee-virtual-machine kernel: ACPI: LAPIC_NMI (acpi_id[0x3d] high edge lint[0x1])
Aug 11 10:55:58 kaydee-virtual-machine kernel: ACPI: LAPIC_NMI (acpi_id[0x3e] high edge lint[0x1])
Aug 11 10:55:58 kaydee-virtual-machine kernel: ACPI: LAPIC_NMI (acpi_id[0x3f] high edge lint[0x1])
Aug 11 10:55:58 kaydee-virtual-machine kernel: ACPI: LAPIC_NMI (acpi_id[0x40] high edge lint[0x1])
Aug 11 10:55:58 kaydee-virtual-machine kernel: ACPI: LAPIC_NMI (acpi_id[0x41] high edge lint[0x1])
Aug 11 10:55:58 kaydee-virtual-machine kernel: ACPI: LAPIC_NMI (acpi_id[0x42] high edge lint[0x1])
Aug 11 10:55:58 kaydee-virtual-machine kernel: ACPI: LAPIC_NMI (acpi_id[0x43] high edge lint[0x1])
Aug 11 10:55:58 kaydee-virtual-machine kernel: ACPI: LAPIC_NMI (acpi_id[0x44] high edge lint[0x1])
Aug 11 10:55:58 kaydee-virtual-machine kernel: ACPI: LAPIC_NMI (acpi_id[0x45] high edge lint[0x1])
Aug 11 10:55:58 kaydee-virtual-machine kernel: ACPI: LAPIC_NMI (acpi_id[0x46] high edge lint[0x1])
Aug 11 10:55:58 kaydee-virtual-machine kernel: ACPI: LAPIC_NMI (acpi_id[0x47] high edge lint[0x1])
Aug 11 10:55:58 kaydee-virtual-machine kernel: ACPI: LAPIC_NMI (acpi_id[0x48] high edge lint[0x1])
Aug 11 10:55:58 kaydee-virtual-machine kernel: ACPI: LAPIC_NMI (acpi_id[0x49] high edge lint[0x1])
Aug 11 10:55:58 kaydee-virtual-machine kernel: ACPI: LAPIC_NMI (acpi_id[0x4a] high edge lint[0x1])
Aug 11 10:55:58 kaydee-virtual-machine kernel: ACPI: LAPIC_NMI (acpi_id[0x4b] high edge lint[0x1])
Aug 11 10:55:58 kaydee-virtual-machine kernel: ACPI: LAPIC_NMI (acpi_id[0x4c] high edge lint[0x1])
Aug 11 10:55:58 kaydee-virtual-machine kernel: ACPI: LAPIC_NMI (acpi_id[0x4d] high edge lint[0x1])
Aug 11 10:55:58 kaydee-virtual-machine kernel: ACPI: LAPIC_NMI (acpi_id[0x4e] high edge lint[0x1])
Aug 11 10:55:58 kaydee-virtual-machine kernel: ACPI: LAPIC_NMI (acpi_id[0x4f] high edge lint[0x1])
Aug 11 10:55:58 kaydee-virtual-machine kernel: ACPI: LAPIC_NMI (acpi_id[0x50] high edge lint[0x1])
Aug 11 10:55:58 kaydee-virtual-machine kernel: ACPI: LAPIC_NMI (acpi_id[0x51] high edge lint[0x1])
Aug 11 10:55:58 kaydee-virtual-machine kernel: ACPI: LAPIC_NMI (acpi_id[0x52] high edge lint[0x1])
Aug 11 10:55:58 kaydee-virtual-machine kernel: ACPI: LAPIC_NMI (acpi_id[0x53] high edge lint[0x1])
Aug 11 10:55:58 kaydee-virtual-machine kernel: ACPI: LAPIC_NMI (acpi_id[0x54] high edge lint[0x1])
Aug 11 10:55:58 kaydee-virtual-machine kernel: ACPI: LAPIC_NMI (acpi_id[0x55] high edge lint[0x1])
Aug 11 10:55:58 kaydee-virtual-machine kernel: ACPI: LAPIC_NMI (acpi_id[0x56] high edge lint[0x1])
Aug 11 10:55:58 kaydee-virtual-machine kernel: ACPI: LAPIC_NMI (acpi_id[0x57] high edge lint[0x1])
Aug 11 10:55:58 kaydee-virtual-machine kernel: ACPI: LAPIC_NMI (acpi_id[0x58] high edge lint[0x1])
Aug 11 10:55:58 kaydee-virtual-machine kernel: ACPI: LAPIC_NMI (acpi_id[0x59] high edge lint[0x1])
Aug 11 10:55:58 kaydee-virtual-machine kernel: ACPI: LAPIC_NMI (acpi_id[0x5a] high edge lint[0x1])
Aug 11 10:55:58 kaydee-virtual-machine kernel: ACPI: LAPIC_NMI (acpi_id[0x5b] high edge lint[0x1])
Aug 11 10:55:58 kaydee-virtual-machine kernel: ACPI: LAPIC_NMI (acpi_id[0x5c] high edge lint[0x1])
Aug 11 10:55:58 kaydee-virtual-machine kernel: ACPI: LAPIC_NMI (acpi_id[0x5d] high edge lint[0x1])
Aug 11 10:55:58 kaydee-virtual-machine kernel: ACPI: LAPIC_NMI (acpi_id[0x5e] high edge lint[0x1])
Aug 11 10:55:58 kaydee-virtual-machine kernel: ACPI: LAPIC_NMI (acpi_id[0x5f] high edge lint[0x1])
Aug 11 10:55:58 kaydee-virtual-machine kernel: ACPI: LAPIC_NMI (acpi_id[0x60] high edge lint[0x1])
Aug 11 10:55:58 kaydee-virtual-machine kernel: ACPI: LAPIC_NMI (acpi_id[0x61] high edge lint[0x1])
Aug 11 10:55:58 kaydee-virtual-machine kernel: ACPI: LAPIC_NMI (acpi_id[0x62] high edge lint[0x1])
Aug 11 10:55:58 kaydee-virtual-machine kernel: ACPI: LAPIC_NMI (acpi_id[0x63] high edge lint[0x1])
Aug 11 10:55:58 kaydee-virtual-machine kernel: ACPI: LAPIC_NMI (acpi_id[0x64] high edge lint[0x1])
Aug 11 10:55:58 kaydee-virtual-machine kernel: ACPI: LAPIC_NMI (acpi_id[0x65] high edge lint[0x1])
Aug 11 10:55:58 kaydee-virtual-machine kernel: ACPI: LAPIC_NMI (acpi_id[0x66] high edge lint[0x1])
Aug 11 10:55:58 kaydee-virtual-machine kernel: ACPI: LAPIC_NMI (acpi_id[0x67] high edge lint[0x1])
Aug 11 10:55:58 kaydee-virtual-machine kernel: ACPI: LAPIC_NMI (acpi_id[0x68] high edge lint[0x1])
Aug 11 10:55:58 kaydee-virtual-machine kernel: ACPI: LAPIC_NMI (acpi_id[0x69] high edge lint[0x1])
Aug 11 10:55:58 kaydee-virtual-machine kernel: ACPI: LAPIC_NMI (acpi_id[0x6a] high edge lint[0x1])
Aug 11 10:55:58 kaydee-virtual-machine kernel: ACPI: LAPIC_NMI (acpi_id[0x6b] high edge lint[0x1])
Aug 11 10:55:58 kaydee-virtual-machine kernel: ACPI: LAPIC_NMI (acpi_id[0x6c] high edge lint[0x1])
Aug 11 10:55:58 kaydee-virtual-machine kernel: ACPI: LAPIC_NMI (acpi_id[0x6d] high edge lint[0x1])
Aug 11 10:55:58 kaydee-virtual-machine kernel: ACPI: LAPIC_NMI (acpi_id[0x6e] high edge lint[0x1])
Aug 11 10:55:58 kaydee-virtual-machine kernel: ACPI: LAPIC_NMI (acpi_id[0x6f] high edge lint[0x1])
Aug 11 10:55:58 kaydee-virtual-machine kernel: ACPI: LAPIC_NMI (acpi_id[0x70] high edge lint[0x1])
Aug 11 10:55:58 kaydee-virtual-machine kernel: ACPI: LAPIC_NMI (acpi_id[0x71] high edge lint[0x1])
Aug 11 10:55:58 kaydee-virtual-machine kernel: ACPI: LAPIC_NMI (acpi_id[0x72] high edge lint[0x1])
Aug 11 10:55:58 kaydee-virtual-machine kernel: ACPI: LAPIC_NMI (acpi_id[0x73] high edge lint[0x1])
Aug 11 10:55:58 kaydee-virtual-machine kernel: ACPI: LAPIC_NMI (acpi_id[0x74] high edge lint[0x1])
Aug 11 10:55:58 kaydee-virtual-machine kernel: ACPI: LAPIC_NMI (acpi_id[0x75] high edge lint[0x1])
Aug 11 10:55:58 kaydee-virtual-machine kernel: ACPI: LAPIC_NMI (acpi_id[0x76] high edge lint[0x1])
Aug 11 10:55:58 kaydee-virtual-machine kernel: ACPI: LAPIC_NMI (acpi_id[0x77] high edge lint[0x1])
Aug 11 10:55:58 kaydee-virtual-machine kernel: ACPI: LAPIC_NMI (acpi_id[0x78] high edge lint[0x1])
Aug 11 10:55:58 kaydee-virtual-machine kernel: ACPI: LAPIC_NMI (acpi_id[0x79] high edge lint[0x1])
Aug 11 10:55:58 kaydee-virtual-machine kernel: ACPI: LAPIC_NMI (acpi_id[0x7a] high edge lint[0x1])
Aug 11 10:55:58 kaydee-virtual-machine kernel: ACPI: LAPIC_NMI (acpi_id[0x7b] high edge lint[0x1])
Aug 11 10:55:58 kaydee-virtual-machine kernel: ACPI: LAPIC_NMI (acpi_id[0x7c] high edge lint[0x1])
Aug 11 10:55:58 kaydee-virtual-machine kernel: ACPI: LAPIC_NMI (acpi_id[0x7d] high edge lint[0x1])
Aug 11 10:55:58 kaydee-virtual-machine kernel: ACPI: LAPIC_NMI (acpi_id[0x7e] high edge lint[0x1])
Aug 11 10:55:58 kaydee-virtual-machine kernel: ACPI: LAPIC_NMI (acpi_id[0x7f] high edge lint[0x1])
Aug 11 10:55:58 kaydee-virtual-machine kernel: IOAPIC[0]: apic_id 1, version 32, address 0xfec00000, GSI 0-23
Aug 11 10:55:58 kaydee-virtual-machine kernel: ACPI: INT_SRC_OVR (bus 0 bus_irq 0 global_irq 2 high edge)
Aug 11 10:55:58 kaydee-virtual-machine kernel: ACPI: Using ACPI (MADT) for SMP configuration information
Aug 11 10:55:58 kaydee-virtual-machine kernel: ACPI: HPET id: 0x8086af01 base: 0xfed00000
Aug 11 10:55:58 kaydee-virtual-machine kernel: TSC deadline timer available
Aug 11 10:55:58 kaydee-virtual-machine kernel: smpboot: Allowing 128 CPUs, 126 hotplug CPUs
Aug 11 10:55:58 kaydee-virtual-machine kernel: PM: hibernation: Registered nosave memory: [mem 0x00000000-0x00000fff]
Aug 11 10:55:58 kaydee-virtual-machine kernel: PM: hibernation: Registered nosave memory: [mem 0x0009e000-0x0009efff]
Aug 11 10:55:58 kaydee-virtual-machine kernel: PM: hibernation: Registered nosave memory: [mem 0x0009f000-0x0009ffff]
Aug 11 10:55:58 kaydee-virtual-machine kernel: PM: hibernation: Registered nosave memory: [mem 0x000a0000-0x000dbfff]
Aug 11 10:55:58 kaydee-virtual-machine kernel: PM: hibernation: Registered nosave memory: [mem 0x000dc000-0x000fffff]
Aug 11 10:55:58 kaydee-virtual-machine kernel: PM: hibernation: Registered nosave memory: [mem 0xbfed0000-0xbfefefff]
Aug 11 10:55:58 kaydee-virtual-machine kernel: PM: hibernation: Registered nosave memory: [mem 0xbfeff000-0xbfefffff]
Aug 11 10:55:58 kaydee-virtual-machine kernel: PM: hibernation: Registered nosave memory: [mem 0xc0000000-0xefffffff]
Aug 11 10:55:58 kaydee-virtual-machine kernel: PM: hibernation: Registered nosave memory: [mem 0xf0000000-0xf7ffffff]
Aug 11 10:55:58 kaydee-virtual-machine kernel: PM: hibernation: Registered nosave memory: [mem 0xf8000000-0xfebfffff]
Aug 11 10:55:58 kaydee-virtual-machine kernel: PM: hibernation: Registered nosave memory: [mem 0xfec00000-0xfec0ffff]
Aug 11 10:55:58 kaydee-virtual-machine kernel: PM: hibernation: Registered nosave memory: [mem 0xfec10000-0xfedfffff]
Aug 11 10:55:58 kaydee-virtual-machine kernel: PM: hibernation: Registered nosave memory: [mem 0xfee00000-0xfee00fff]
Aug 11 10:55:58 kaydee-virtual-machine kernel: PM: hibernation: Registered nosave memory: [mem 0xfee01000-0xfffdffff]
Aug 11 10:55:58 kaydee-virtual-machine kernel: PM: hibernation: Registered nosave memory: [mem 0xfffe0000-0xffffffff]
Aug 11 10:55:58 kaydee-virtual-machine kernel: [mem 0xc0000000-0xefffffff] available for PCI devices
Aug 11 10:55:58 kaydee-virtual-machine kernel: Booting paravirtualized kernel on VMware hypervisor
Aug 11 10:55:58 kaydee-virtual-machine kernel: clocksource: refined-jiffies: mask: 0xffffffff max_cycles: 0xffffffff, max_idle_ns: 7645519600211568 ns
Aug 11 10:55:58 kaydee-virtual-machine kernel: setup_percpu: NR_CPUS:8192 nr_cpumask_bits:128 nr_cpu_ids:128 nr_node_ids:1
Aug 11 10:55:58 kaydee-virtual-machine kernel: percpu: Embedded 62 pages/cpu s217088 r8192 d28672 u262144
Aug 11 10:55:58 kaydee-virtual-machine kernel: pcpu-alloc: s217088 r8192 d28672 u262144 alloc=1*2097152
Aug 11 10:55:58 kaydee-virtual-machine kernel: pcpu-alloc: [0] 000 001 002 003 004 005 006 007 
Aug 11 10:55:58 kaydee-virtual-machine kernel: pcpu-alloc: [0] 008 009 010 011 012 013 014 015 
Aug 11 10:55:58 kaydee-virtual-machine kernel: pcpu-alloc: [0] 016 017 018 019 020 021 022 023 
Aug 11 10:55:58 kaydee-virtual-machine kernel: pcpu-alloc: [0] 024 025 026 027 028 029 030 031 
Aug 11 10:55:58 kaydee-virtual-machine kernel: pcpu-alloc: [0] 032 033 034 035 036 037 038 039 
Aug 11 10:55:58 kaydee-virtual-machine kernel: pcpu-alloc: [0] 040 041 042 043 044 045 046 047 
Aug 11 10:55:58 kaydee-virtual-machine kernel: pcpu-alloc: [0] 048 049 050 051 052 053 054 055 
Aug 11 10:55:58 kaydee-virtual-machine kernel: pcpu-alloc: [0] 056 057 058 059 060 061 062 063 
Aug 11 10:55:58 kaydee-virtual-machine kernel: pcpu-alloc: [0] 064 065 066 067 068 069 070 071 
Aug 11 10:55:58 kaydee-virtual-machine kernel: pcpu-alloc: [0] 072 073 074 075 076 077 078 079 
Aug 11 10:55:58 kaydee-virtual-machine kernel: pcpu-alloc: [0] 080 081 082 083 084 085 086 087 
Aug 11 10:55:58 kaydee-virtual-machine kernel: pcpu-alloc: [0] 088 089 090 091 092 093 094 095 
Aug 11 10:55:58 kaydee-virtual-machine kernel: pcpu-alloc: [0] 096 097 098 099 100 101 102 103 
Aug 11 10:55:58 kaydee-virtual-machine kernel: pcpu-alloc: [0] 104 105 106 107 108 109 110 111 
Aug 11 10:55:58 kaydee-virtual-machine kernel: pcpu-alloc: [0] 112 113 114 115 116 117 118 119 
Aug 11 10:55:58 kaydee-virtual-machine kernel: pcpu-alloc: [0] 120 121 122 123 124 125 126 127 
Aug 11 10:55:58 kaydee-virtual-machine kernel: Fallback order for Node 0: 0 
Aug 11 10:55:58 kaydee-virtual-machine kernel: Built 1 zonelists, mobility grouping on.  Total pages: 1031888
Aug 11 10:55:58 kaydee-virtual-machine kernel: Policy zone: Normal
Aug 11 10:55:58 kaydee-virtual-machine kernel: Kernel command line: BOOT_IMAGE=/boot/vmlinuz-6.2.0-26-generic root=UUID=bc9fda3e-e3ef-41f3-a906-c2e61b8e0a00 ro quiet splash
Aug 11 10:55:58 kaydee-virtual-machine kernel: Unknown kernel command line parameters "splash BOOT_IMAGE=/boot/vmlinuz-6.2.0-26-generic", will be passed to user space.
Aug 11 10:55:58 kaydee-virtual-machine kernel: random: crng init done
Aug 11 10:55:58 kaydee-virtual-machine kernel: printk: log_buf_len individual max cpu contribution: 4096 bytes
Aug 11 10:55:58 kaydee-virtual-machine kernel: printk: log_buf_len total cpu_extra contributions: 520192 bytes
Aug 11 10:55:58 kaydee-virtual-machine kernel: printk: log_buf_len min size: 262144 bytes
Aug 11 10:55:58 kaydee-virtual-machine kernel: printk: log_buf_len: 1048576 bytes
Aug 11 10:55:58 kaydee-virtual-machine kernel: printk: early log buf free: 237696(90%)
Aug 11 10:55:58 kaydee-virtual-machine kernel: Dentry cache hash table entries: 524288 (order: 10, 4194304 bytes, linear)
Aug 11 10:55:58 kaydee-virtual-machine kernel: Inode-cache hash table entries: 262144 (order: 9, 2097152 bytes, linear)
Aug 11 10:55:58 kaydee-virtual-machine kernel: mem auto-init: stack:off, heap alloc:on, heap free:off
Aug 11 10:55:58 kaydee-virtual-machine kernel: software IO TLB: area num 128.
Aug 11 10:55:58 kaydee-virtual-machine kernel: Memory: 3882908K/4193716K available (20480K kernel code, 4150K rwdata, 12696K rodata, 4664K init, 17644K bss, 310548K reserved, 0K cma-reserved)
Aug 11 10:55:58 kaydee-virtual-machine kernel: SLUB: HWalign=64, Order=0-3, MinObjects=0, CPUs=128, Nodes=1
Aug 11 10:55:58 kaydee-virtual-machine kernel: ftrace: allocating 53364 entries in 209 pages
Aug 11 10:55:58 kaydee-virtual-machine kernel: ftrace: allocated 209 pages with 4 groups
Aug 11 10:55:58 kaydee-virtual-machine kernel: Dynamic Preempt: voluntary
Aug 11 10:55:58 kaydee-virtual-machine kernel: rcu: Preemptible hierarchical RCU implementation.
Aug 11 10:55:58 kaydee-virtual-machine kernel: rcu:         RCU restricting CPUs from NR_CPUS=8192 to nr_cpu_ids=128.
Aug 11 10:55:58 kaydee-virtual-machine kernel:         Trampoline variant of Tasks RCU enabled.
Aug 11 10:55:58 kaydee-virtual-machine kernel:         Rude variant of Tasks RCU enabled.
Aug 11 10:55:59 kaydee-virtual-machine kernel:         Tracing variant of Tasks RCU enabled.
Aug 11 10:55:59 kaydee-virtual-machine kernel: rcu: RCU calculated value of scheduler-enlistment delay is 25 jiffies.
Aug 11 10:55:59 kaydee-virtual-machine kernel: rcu: Adjusting geometry for rcu_fanout_leaf=16, nr_cpu_ids=128
Aug 11 10:55:59 kaydee-virtual-machine kernel: NR_IRQS: 524544, nr_irqs: 1448, preallocated irqs: 16
Aug 11 10:55:59 kaydee-virtual-machine kernel: rcu: srcu_init: Setting srcu_struct sizes to big.
Aug 11 10:55:59 kaydee-virtual-machine kernel: Console: colour VGA+ 80x25
Aug 11 10:55:59 kaydee-virtual-machine kernel: printk: console [tty0] enabled
Aug 11 10:55:59 kaydee-virtual-machine kernel: ACPI: Core revision 20221020
Aug 11 10:55:59 kaydee-virtual-machine kernel: clocksource: hpet: mask: 0xffffffff max_cycles: 0xffffffff, max_idle_ns: 133484882848 ns
Aug 11 10:55:59 kaydee-virtual-machine kernel: APIC: Switch to symmetric I/O mode setup
Aug 11 10:55:59 kaydee-virtual-machine kernel: x2apic enabled
Aug 11 10:55:59 kaydee-virtual-machine kernel: Switched APIC routing to physical x2apic.
Aug 11 10:55:59 kaydee-virtual-machine kernel: ..TIMER: vector=0x30 apic1=0 pin1=2 apic2=-1 pin2=-1
Aug 11 10:55:59 kaydee-virtual-machine kernel: clocksource: tsc-early: mask: 0xffffffffffffffff max_cycles: 0x1e717f281b0, max_idle_ns: 440795248185 ns
Aug 11 10:55:59 kaydee-virtual-machine kernel: Calibrating delay loop (skipped) preset value.. 4224.01 BogoMIPS (lpj=8448029)
Aug 11 10:55:59 kaydee-virtual-machine kernel: pid_max: default: 131072 minimum: 1024
Aug 11 10:55:59 kaydee-virtual-machine kernel: LSM: initializing lsm=lockdown,capability,landlock,yama,integrity,apparmor
Aug 11 10:55:59 kaydee-virtual-machine kernel: landlock: Up and running.
Aug 11 10:55:59 kaydee-virtual-machine kernel: Yama: becoming mindful.
Aug 11 10:55:59 kaydee-virtual-machine kernel: AppArmor: AppArmor initialized
Aug 11 10:55:59 kaydee-virtual-machine kernel: Mount-cache hash table entries: 8192 (order: 4, 65536 bytes, linear)
Aug 11 10:55:59 kaydee-virtual-machine kernel: Mountpoint-cache hash table entries: 8192 (order: 4, 65536 bytes, linear)
Aug 11 10:55:59 kaydee-virtual-machine kernel: Disabled fast string operations
Aug 11 10:55:59 kaydee-virtual-machine kernel: Last level iTLB entries: 4KB 64, 2MB 8, 4MB 8
Aug 11 10:55:59 kaydee-virtual-machine kernel: Last level dTLB entries: 4KB 64, 2MB 0, 4MB 0, 1GB 4
Aug 11 10:55:59 kaydee-virtual-machine kernel: Spectre V1 : Mitigation: usercopy/swapgs barriers and __user pointer sanitization
Aug 11 10:55:59 kaydee-virtual-machine kernel: Spectre V2 : Mitigation: IBRS
Aug 11 10:55:59 kaydee-virtual-machine kernel: Spectre V2 : Spectre v2 / SpectreRSB mitigation: Filling RSB on context switch
Aug 11 10:55:59 kaydee-virtual-machine kernel: Spectre V2 : Spectre v2 / SpectreRSB : Filling RSB on VMEXIT
Aug 11 10:55:59 kaydee-virtual-machine kernel: RETBleed: Mitigation: IBRS
Aug 11 10:55:59 kaydee-virtual-machine kernel: Spectre V2 : mitigation: Enabling conditional Indirect Branch Prediction Barrier
Aug 11 10:55:59 kaydee-virtual-machine kernel: Speculative Store Bypass: Mitigation: Speculative Store Bypass disabled via prctl
Aug 11 10:55:59 kaydee-virtual-machine kernel: MMIO Stale Data: Vulnerable: Clear CPU buffers attempted, no microcode
Aug 11 10:55:59 kaydee-virtual-machine kernel: SRBDS: Unknown: Dependent on hypervisor status
Aug 11 10:55:59 kaydee-virtual-machine kernel: Freeing SMP alternatives memory: 44K
Aug 11 10:55:59 kaydee-virtual-machine kernel: smpboot: CPU0: Intel(R) Core(TM) i5-10210U CPU @ 1.60GHz (family: 0x6, model: 0x8e, stepping: 0xc)
Aug 11 10:55:59 kaydee-virtual-machine kernel: cblist_init_generic: Setting adjustable number of callback queues.
Aug 11 10:55:59 kaydee-virtual-machine kernel: cblist_init_generic: Setting shift to 7 and lim to 1.
Aug 11 10:55:59 kaydee-virtual-machine kernel: cblist_init_generic: Setting shift to 7 and lim to 1.
Aug 11 10:55:59 kaydee-virtual-machine kernel: cblist_init_generic: Setting shift to 7 and lim to 1.
Aug 11 10:55:59 kaydee-virtual-machine kernel: Performance Events: Skylake events, core PMU driver.
Aug 11 10:55:59 kaydee-virtual-machine kernel: core: CPUID marked event: 'cpu cycles' unavailable
Aug 11 10:55:59 kaydee-virtual-machine kernel: core: CPUID marked event: 'instructions' unavailable
Aug 11 10:55:59 kaydee-virtual-machine kernel: core: CPUID marked event: 'bus cycles' unavailable
Aug 11 10:55:59 kaydee-virtual-machine kernel: core: CPUID marked event: 'cache references' unavailable
Aug 11 10:55:59 kaydee-virtual-machine kernel: core: CPUID marked event: 'cache misses' unavailable
Aug 11 10:55:59 kaydee-virtual-machine kernel: core: CPUID marked event: 'branch instructions' unavailable
Aug 11 10:55:59 kaydee-virtual-machine kernel: core: CPUID marked event: 'branch misses' unavailable
Aug 11 10:55:59 kaydee-virtual-machine kernel: ... version:                1
Aug 11 10:55:59 kaydee-virtual-machine kernel: ... bit width:              48
Aug 11 10:55:59 kaydee-virtual-machine kernel: ... generic registers:      4
Aug 11 10:55:59 kaydee-virtual-machine kernel: ... value mask:             0000ffffffffffff
Aug 11 10:55:59 kaydee-virtual-machine kernel: ... max period:             000000007fffffff
Aug 11 10:55:59 kaydee-virtual-machine kernel: ... fixed-purpose events:   0
Aug 11 10:55:59 kaydee-virtual-machine kernel: ... event mask:             000000000000000f
Aug 11 10:55:59 kaydee-virtual-machine kernel: rcu: Hierarchical SRCU implementation.
Aug 11 10:55:59 kaydee-virtual-machine kernel: rcu:         Max phase no-delay instances is 1000.
Aug 11 10:55:59 kaydee-virtual-machine kernel: NMI watchdog: Perf NMI watchdog permanently disabled
Aug 11 10:55:59 kaydee-virtual-machine kernel: smp: Bringing up secondary CPUs ...
Aug 11 10:55:59 kaydee-virtual-machine kernel: x86: Booting SMP configuration:
Aug 11 10:55:59 kaydee-virtual-machine kernel: .... node  #0, CPUs:          #1
Aug 11 10:55:59 kaydee-virtual-machine kernel: Disabled fast string operations
Aug 11 10:55:59 kaydee-virtual-machine kernel: smpboot: CPU 1 Converting physical 2 to logical package 1
Aug 11 10:55:59 kaydee-virtual-machine kernel: smpboot: CPU 1 Converting physical 0 to logical die 1
Aug 11 10:55:59 kaydee-virtual-machine kernel: smp: Brought up 1 node, 2 CPUs
Aug 11 10:55:59 kaydee-virtual-machine kernel: smpboot: Max logical packages: 128
Aug 11 10:55:59 kaydee-virtual-machine kernel: smpboot: Total of 2 processors activated (8448.02 BogoMIPS)
Aug 11 10:55:59 kaydee-virtual-machine kernel: devtmpfs: initialized
Aug 11 10:55:59 kaydee-virtual-machine kernel: x86/mm: Memory block size: 128MB
Aug 11 10:55:59 kaydee-virtual-machine kernel: ACPI: PM: Registering ACPI NVS region [mem 0xbfeff000-0xbfefffff] (4096 bytes)
Aug 11 10:55:59 kaydee-virtual-machine kernel: clocksource: jiffies: mask: 0xffffffff max_cycles: 0xffffffff, max_idle_ns: 7645041785100000 ns
Aug 11 10:55:59 kaydee-virtual-machine kernel: futex hash table entries: 32768 (order: 9, 2097152 bytes, linear)
Aug 11 10:55:59 kaydee-virtual-machine kernel: pinctrl core: initialized pinctrl subsystem
Aug 11 10:55:59 kaydee-virtual-machine kernel: PM: RTC time: 05:25:46, date: 2023-08-11
Aug 11 10:55:59 kaydee-virtual-machine kernel: NET: Registered PF_NETLINK/PF_ROUTE protocol family
Aug 11 10:55:59 kaydee-virtual-machine kernel: DMA: preallocated 512 KiB GFP_KERNEL pool for atomic allocations
Aug 11 10:55:59 kaydee-virtual-machine kernel: DMA: preallocated 512 KiB GFP_KERNEL|GFP_DMA pool for atomic allocations
Aug 11 10:55:59 kaydee-virtual-machine kernel: DMA: preallocated 512 KiB GFP_KERNEL|GFP_DMA32 pool for atomic allocations
Aug 11 10:55:59 kaydee-virtual-machine kernel: audit: initializing netlink subsys (disabled)
Aug 11 10:55:59 kaydee-virtual-machine kernel: audit: type=2000 audit(1691731546.188:1): state=initialized audit_enabled=0 res=1
Aug 11 10:55:59 kaydee-virtual-machine kernel: thermal_sys: Registered thermal governor 'fair_share'
Aug 11 10:55:59 kaydee-virtual-machine kernel: thermal_sys: Registered thermal governor 'bang_bang'
Aug 11 10:55:59 kaydee-virtual-machine kernel: thermal_sys: Registered thermal governor 'step_wise'
Aug 11 10:55:59 kaydee-virtual-machine kernel: thermal_sys: Registered thermal governor 'user_space'
Aug 11 10:55:59 kaydee-virtual-machine kernel: thermal_sys: Registered thermal governor 'power_allocator'
Aug 11 10:55:59 kaydee-virtual-machine kernel: EISA bus registered
Aug 11 10:55:59 kaydee-virtual-machine kernel: cpuidle: using governor ladder
Aug 11 10:55:59 kaydee-virtual-machine kernel: cpuidle: using governor menu
Aug 11 10:55:59 kaydee-virtual-machine kernel: Simple Boot Flag at 0x36 set to 0x80
Aug 11 10:55:59 kaydee-virtual-machine kernel: acpiphp: ACPI Hot Plug PCI Controller Driver version: 0.5
Aug 11 10:55:59 kaydee-virtual-machine kernel: PCI: MMCONFIG for domain 0000 [bus 00-7f] at [mem 0xf0000000-0xf7ffffff] (base 0xf0000000)
Aug 11 10:55:59 kaydee-virtual-machine kernel: PCI: MMCONFIG at [mem 0xf0000000-0xf7ffffff] reserved as E820 entry
Aug 11 10:55:59 kaydee-virtual-machine kernel: PCI: Using configuration type 1 for base access
Aug 11 10:55:59 kaydee-virtual-machine kernel: kprobes: kprobe jump-optimization is enabled. All kprobes are optimized if possible.
Aug 11 10:55:59 kaydee-virtual-machine kernel: HugeTLB: registered 1.00 GiB page size, pre-allocated 0 pages
Aug 11 10:55:59 kaydee-virtual-machine kernel: HugeTLB: 16380 KiB vmemmap can be freed for a 1.00 GiB page
Aug 11 10:55:59 kaydee-virtual-machine kernel: HugeTLB: registered 2.00 MiB page size, pre-allocated 0 pages
Aug 11 10:55:59 kaydee-virtual-machine kernel: HugeTLB: 28 KiB vmemmap can be freed for a 2.00 MiB page
Aug 11 10:55:59 kaydee-virtual-machine kernel: ACPI: Added _OSI(Module Device)
Aug 11 10:55:59 kaydee-virtual-machine kernel: ACPI: Added _OSI(Processor Device)
Aug 11 10:55:59 kaydee-virtual-machine kernel: ACPI: Added _OSI(3.0 _SCP Extensions)
Aug 11 10:55:59 kaydee-virtual-machine kernel: ACPI: Added _OSI(Processor Aggregator Device)
Aug 11 10:55:59 kaydee-virtual-machine kernel: ACPI: 1 ACPI AML tables successfully acquired and loaded
Aug 11 10:55:59 kaydee-virtual-machine kernel: ACPI: [Firmware Bug]: BIOS _OSI(Linux) query ignored
Aug 11 10:55:59 kaydee-virtual-machine kernel: ACPI: Interpreter enabled
Aug 11 10:55:59 kaydee-virtual-machine kernel: ACPI: PM: (supports S0 S1 S4 S5)
Aug 11 10:55:59 kaydee-virtual-machine kernel: ACPI: Using IOAPIC for interrupt routing
Aug 11 10:55:59 kaydee-virtual-machine kernel: PCI: Using host bridge windows from ACPI; if necessary, use "pci=nocrs" and report a bug
Aug 11 10:55:59 kaydee-virtual-machine kernel: PCI: Using E820 reservations for host bridge windows
Aug 11 10:55:59 kaydee-virtual-machine kernel: ACPI: Enabled 4 GPEs in block 00 to 0F
Aug 11 10:55:59 kaydee-virtual-machine kernel: ACPI: PCI Root Bridge [PCI0] (domain 0000 [bus 00-7f])
Aug 11 10:55:59 kaydee-virtual-machine kernel: acpi PNP0A03:00: _OSC: OS supports [ExtendedConfig ASPM ClockPM Segments MSI EDR HPX-Type3]
Aug 11 10:55:59 kaydee-virtual-machine kernel: acpi PNP0A03:00: _OSC: platform does not support [AER LTR DPC]
Aug 11 10:55:59 kaydee-virtual-machine kernel: acpi PNP0A03:00: _OSC: OS now controls [PCIeHotplug SHPCHotplug PME PCIeCapability]
Aug 11 10:55:59 kaydee-virtual-machine kernel: PCI host bridge to bus 0000:00
Aug 11 10:55:59 kaydee-virtual-machine kernel: pci_bus 0000:00: root bus resource [mem 0x000a0000-0x000bffff window]
Aug 11 10:55:59 kaydee-virtual-machine kernel: pci_bus 0000:00: root bus resource [mem 0x000d0000-0x000dbfff window]
Aug 11 10:55:59 kaydee-virtual-machine kernel: pci_bus 0000:00: root bus resource [mem 0xc0000000-0xfebfffff window]
Aug 11 10:55:59 kaydee-virtual-machine kernel: pci_bus 0000:00: root bus resource [io  0x0000-0x0cf7 window]
Aug 11 10:55:59 kaydee-virtual-machine kernel: pci_bus 0000:00: root bus resource [io  0x0d00-0xfeff window]
Aug 11 10:55:59 kaydee-virtual-machine kernel: pci_bus 0000:00: root bus resource [bus 00-7f]
Aug 11 10:55:59 kaydee-virtual-machine kernel: pci 0000:00:00.0: [8086:7190] type 00 class 0x060000
Aug 11 10:55:59 kaydee-virtual-machine kernel: pci 0000:00:01.0: [8086:7191] type 01 class 0x060400
Aug 11 10:55:59 kaydee-virtual-machine kernel: pci 0000:00:07.0: [8086:7110] type 00 class 0x060100
Aug 11 10:55:59 kaydee-virtual-machine kernel: pci 0000:00:07.1: [8086:7111] type 00 class 0x01018a
Aug 11 10:55:59 kaydee-virtual-machine kernel: pci 0000:00:07.1: reg 0x20: [io  0x1060-0x106f]
Aug 11 10:55:59 kaydee-virtual-machine kernel: pci 0000:00:07.1: legacy IDE quirk: reg 0x10: [io  0x01f0-0x01f7]
Aug 11 10:55:59 kaydee-virtual-machine kernel: pci 0000:00:07.1: legacy IDE quirk: reg 0x14: [io  0x03f6]
Aug 11 10:55:59 kaydee-virtual-machine kernel: pci 0000:00:07.1: legacy IDE quirk: reg 0x18: [io  0x0170-0x0177]
Aug 11 10:55:59 kaydee-virtual-machine kernel: pci 0000:00:07.1: legacy IDE quirk: reg 0x1c: [io  0x0376]
Aug 11 10:55:59 kaydee-virtual-machine kernel: pci 0000:00:07.3: [8086:7113] type 00 class 0x068000
Aug 11 10:55:59 kaydee-virtual-machine kernel: pci 0000:00:07.3: quirk: [io  0x1000-0x103f] claimed by PIIX4 ACPI
Aug 11 10:55:59 kaydee-virtual-machine kernel: pci 0000:00:07.3: quirk: [io  0x1040-0x104f] claimed by PIIX4 SMB
Aug 11 10:55:59 kaydee-virtual-machine kernel: pci 0000:00:07.7: [15ad:0740] type 00 class 0x088000
Aug 11 10:55:59 kaydee-virtual-machine kernel: pci 0000:00:07.7: reg 0x10: [io  0x1080-0x10bf]
Aug 11 10:55:59 kaydee-virtual-machine kernel: pci 0000:00:07.7: reg 0x14: [mem 0xfebfe000-0xfebfffff 64bit]
Aug 11 10:55:59 kaydee-virtual-machine kernel: pci 0000:00:0f.0: [15ad:0405] type 00 class 0x030000
Aug 11 10:55:59 kaydee-virtual-machine kernel: pci 0000:00:0f.0: reg 0x10: [io  0x1070-0x107f]
Aug 11 10:55:59 kaydee-virtual-machine kernel: pci 0000:00:0f.0: reg 0x14: [mem 0xe8000000-0xefffffff pref]
Aug 11 10:55:59 kaydee-virtual-machine kernel: pci 0000:00:0f.0: reg 0x18: [mem 0xfe000000-0xfe7fffff]
Aug 11 10:55:59 kaydee-virtual-machine kernel: pci 0000:00:0f.0: reg 0x30: [mem 0x00000000-0x00007fff pref]
Aug 11 10:55:59 kaydee-virtual-machine kernel: pci 0000:00:0f.0: Video device with shadowed ROM at [mem 0x000c0000-0x000dffff]
Aug 11 10:55:59 kaydee-virtual-machine kernel: pci 0000:00:10.0: [1000:0030] type 00 class 0x010000
Aug 11 10:55:59 kaydee-virtual-machine kernel: pci 0000:00:10.0: reg 0x10: [io  0x1400-0x14ff]
Aug 11 10:55:59 kaydee-virtual-machine kernel: pci 0000:00:10.0: reg 0x14: [mem 0xfeba0000-0xfebbffff 64bit]
Aug 11 10:55:59 kaydee-virtual-machine kernel: pci 0000:00:10.0: reg 0x1c: [mem 0xfebc0000-0xfebdffff 64bit]
Aug 11 10:55:59 kaydee-virtual-machine kernel: pci 0000:00:10.0: reg 0x30: [mem 0x00000000-0x00003fff pref]
Aug 11 10:55:59 kaydee-virtual-machine kernel: pci 0000:00:11.0: [15ad:0790] type 01 class 0x060401
Aug 11 10:55:59 kaydee-virtual-machine kernel: pci 0000:00:15.0: [15ad:07a0] type 01 class 0x060400
Aug 11 10:55:59 kaydee-virtual-machine kernel: pci 0000:00:15.0: PME# supported from D0 D3hot D3cold
Aug 11 10:55:59 kaydee-virtual-machine kernel: pci 0000:00:15.1: [15ad:07a0] type 01 class 0x060400
Aug 11 10:55:59 kaydee-virtual-machine kernel: pci 0000:00:15.1: PME# supported from D0 D3hot D3cold
Aug 11 10:55:59 kaydee-virtual-machine kernel: pci 0000:00:15.2: [15ad:07a0] type 01 class 0x060400
Aug 11 10:55:59 kaydee-virtual-machine kernel: pci 0000:00:15.2: PME# supported from D0 D3hot D3cold
Aug 11 10:55:59 kaydee-virtual-machine kernel: pci 0000:00:15.3: [15ad:07a0] type 01 class 0x060400
Aug 11 10:55:59 kaydee-virtual-machine kernel: pci 0000:00:15.3: PME# supported from D0 D3hot D3cold
Aug 11 10:55:59 kaydee-virtual-machine kernel: pci 0000:00:15.4: [15ad:07a0] type 01 class 0x060400
Aug 11 10:55:59 kaydee-virtual-machine kernel: pci 0000:00:15.4: PME# supported from D0 D3hot D3cold
Aug 11 10:55:59 kaydee-virtual-machine kernel: pci 0000:00:15.5: [15ad:07a0] type 01 class 0x060400
Aug 11 10:55:59 kaydee-virtual-machine kernel: pci 0000:00:15.5: PME# supported from D0 D3hot D3cold
Aug 11 10:55:59 kaydee-virtual-machine kernel: pci 0000:00:15.6: [15ad:07a0] type 01 class 0x060400
Aug 11 10:55:59 kaydee-virtual-machine kernel: pci 0000:00:15.6: PME# supported from D0 D3hot D3cold
Aug 11 10:55:59 kaydee-virtual-machine kernel: pci 0000:00:15.7: [15ad:07a0] type 01 class 0x060400
Aug 11 10:55:59 kaydee-virtual-machine kernel: pci 0000:00:15.7: PME# supported from D0 D3hot D3cold
Aug 11 10:55:59 kaydee-virtual-machine kernel: pci 0000:00:16.0: [15ad:07a0] type 01 class 0x060400
Aug 11 10:55:59 kaydee-virtual-machine kernel: pci 0000:00:16.0: PME# supported from D0 D3hot D3cold
Aug 11 10:55:59 kaydee-virtual-machine kernel: pci 0000:00:16.1: [15ad:07a0] type 01 class 0x060400
Aug 11 10:55:59 kaydee-virtual-machine kernel: pci 0000:00:16.1: PME# supported from D0 D3hot D3cold
Aug 11 10:55:59 kaydee-virtual-machine kernel: pci 0000:00:16.2: [15ad:07a0] type 01 class 0x060400
Aug 11 10:55:59 kaydee-virtual-machine kernel: pci 0000:00:16.2: PME# supported from D0 D3hot D3cold
Aug 11 10:55:59 kaydee-virtual-machine kernel: pci 0000:00:16.3: [15ad:07a0] type 01 class 0x060400
Aug 11 10:55:59 kaydee-virtual-machine kernel: pci 0000:00:16.3: PME# supported from D0 D3hot D3cold
Aug 11 10:55:59 kaydee-virtual-machine kernel: pci 0000:00:16.4: [15ad:07a0] type 01 class 0x060400
Aug 11 10:55:59 kaydee-virtual-machine kernel: pci 0000:00:16.4: PME# supported from D0 D3hot D3cold
Aug 11 10:55:59 kaydee-virtual-machine kernel: pci 0000:00:16.5: [15ad:07a0] type 01 class 0x060400
Aug 11 10:55:59 kaydee-virtual-machine kernel: pci 0000:00:16.5: PME# supported from D0 D3hot D3cold
Aug 11 10:55:59 kaydee-virtual-machine kernel: pci 0000:00:16.6: [15ad:07a0] type 01 class 0x060400
Aug 11 10:55:59 kaydee-virtual-machine kernel: pci 0000:00:16.6: PME# supported from D0 D3hot D3cold
Aug 11 10:55:59 kaydee-virtual-machine kernel: pci 0000:00:16.7: [15ad:07a0] type 01 class 0x060400
Aug 11 10:55:59 kaydee-virtual-machine kernel: pci 0000:00:16.7: PME# supported from D0 D3hot D3cold
Aug 11 10:55:59 kaydee-virtual-machine kernel: pci 0000:00:17.0: [15ad:07a0] type 01 class 0x060400
Aug 11 10:55:59 kaydee-virtual-machine kernel: pci 0000:00:17.0: PME# supported from D0 D3hot D3cold
Aug 11 10:55:59 kaydee-virtual-machine kernel: pci 0000:00:17.1: [15ad:07a0] type 01 class 0x060400
Aug 11 10:55:59 kaydee-virtual-machine kernel: pci 0000:00:17.1: PME# supported from D0 D3hot D3cold
Aug 11 10:55:59 kaydee-virtual-machine kernel: pci 0000:00:17.2: [15ad:07a0] type 01 class 0x060400
Aug 11 10:55:59 kaydee-virtual-machine kernel: pci 0000:00:17.2: PME# supported from D0 D3hot D3cold
Aug 11 10:55:59 kaydee-virtual-machine kernel: pci 0000:00:17.3: [15ad:07a0] type 01 class 0x060400
Aug 11 10:55:59 kaydee-virtual-machine kernel: pci 0000:00:17.3: PME# supported from D0 D3hot D3cold
Aug 11 10:55:59 kaydee-virtual-machine kernel: pci 0000:00:17.4: [15ad:07a0] type 01 class 0x060400
Aug 11 10:55:59 kaydee-virtual-machine kernel: pci 0000:00:17.4: PME# supported from D0 D3hot D3cold
Aug 11 10:55:59 kaydee-virtual-machine kernel: pci 0000:00:17.5: [15ad:07a0] type 01 class 0x060400
Aug 11 10:55:59 kaydee-virtual-machine kernel: pci 0000:00:17.5: PME# supported from D0 D3hot D3cold
Aug 11 10:55:59 kaydee-virtual-machine kernel: pci 0000:00:17.6: [15ad:07a0] type 01 class 0x060400
Aug 11 10:55:59 kaydee-virtual-machine kernel: pci 0000:00:17.6: PME# supported from D0 D3hot D3cold
Aug 11 10:55:59 kaydee-virtual-machine kernel: pci 0000:00:17.7: [15ad:07a0] type 01 class 0x060400
Aug 11 10:55:59 kaydee-virtual-machine kernel: pci 0000:00:17.7: PME# supported from D0 D3hot D3cold
Aug 11 10:55:59 kaydee-virtual-machine kernel: pci 0000:00:18.0: [15ad:07a0] type 01 class 0x060400
Aug 11 10:55:59 kaydee-virtual-machine kernel: pci 0000:00:18.0: PME# supported from D0 D3hot D3cold
Aug 11 10:55:59 kaydee-virtual-machine kernel: pci 0000:00:18.1: [15ad:07a0] type 01 class 0x060400
Aug 11 10:55:59 kaydee-virtual-machine kernel: pci 0000:00:18.1: PME# supported from D0 D3hot D3cold
Aug 11 10:55:59 kaydee-virtual-machine kernel: pci 0000:00:18.2: [15ad:07a0] type 01 class 0x060400
Aug 11 10:55:59 kaydee-virtual-machine kernel: pci 0000:00:18.2: PME# supported from D0 D3hot D3cold
Aug 11 10:55:59 kaydee-virtual-machine kernel: pci 0000:00:18.3: [15ad:07a0] type 01 class 0x060400
Aug 11 10:55:59 kaydee-virtual-machine kernel: pci 0000:00:18.3: PME# supported from D0 D3hot D3cold
Aug 11 10:55:59 kaydee-virtual-machine kernel: pci 0000:00:18.4: [15ad:07a0] type 01 class 0x060400
Aug 11 10:55:59 kaydee-virtual-machine kernel: pci 0000:00:18.4: PME# supported from D0 D3hot D3cold
Aug 11 10:55:59 kaydee-virtual-machine kernel: pci 0000:00:18.5: [15ad:07a0] type 01 class 0x060400
Aug 11 10:55:59 kaydee-virtual-machine kernel: pci 0000:00:18.5: PME# supported from D0 D3hot D3cold
Aug 11 10:55:59 kaydee-virtual-machine kernel: pci 0000:00:18.6: [15ad:07a0] type 01 class 0x060400
Aug 11 10:55:59 kaydee-virtual-machine kernel: pci 0000:00:18.6: PME# supported from D0 D3hot D3cold
Aug 11 10:55:59 kaydee-virtual-machine kernel: pci 0000:00:18.7: [15ad:07a0] type 01 class 0x060400
Aug 11 10:55:59 kaydee-virtual-machine kernel: pci 0000:00:18.7: PME# supported from D0 D3hot D3cold
Aug 11 10:55:59 kaydee-virtual-machine kernel: pci_bus 0000:01: extended config space not accessible
Aug 11 10:55:59 kaydee-virtual-machine kernel: pci 0000:00:01.0: PCI bridge to [bus 01]
Aug 11 10:55:59 kaydee-virtual-machine kernel: pci_bus 0000:02: extended config space not accessible
Aug 11 10:55:59 kaydee-virtual-machine kernel: acpiphp: Slot [32] registered
Aug 11 10:55:59 kaydee-virtual-machine kernel: acpiphp: Slot [33] registered
Aug 11 10:55:59 kaydee-virtual-machine kernel: acpiphp: Slot [34] registered
Aug 11 10:55:59 kaydee-virtual-machine kernel: acpiphp: Slot [35] registered
Aug 11 10:55:59 kaydee-virtual-machine kernel: acpiphp: Slot [36] registered
Aug 11 10:55:59 kaydee-virtual-machine kernel: acpiphp: Slot [37] registered
Aug 11 10:55:59 kaydee-virtual-machine kernel: acpiphp: Slot [38] registered
Aug 11 10:55:59 kaydee-virtual-machine kernel: acpiphp: Slot [39] registered
Aug 11 10:55:59 kaydee-virtual-machine kernel: acpiphp: Slot [40] registered
Aug 11 10:55:59 kaydee-virtual-machine kernel: acpiphp: Slot [41] registered
Aug 11 10:55:59 kaydee-virtual-machine kernel: acpiphp: Slot [42] registered
Aug 11 10:55:59 kaydee-virtual-machine kernel: acpiphp: Slot [43] registered
Aug 11 10:55:59 kaydee-virtual-machine kernel: acpiphp: Slot [44] registered
Aug 11 10:55:59 kaydee-virtual-machine kernel: acpiphp: Slot [45] registered
Aug 11 10:55:59 kaydee-virtual-machine kernel: acpiphp: Slot [46] registered
Aug 11 10:55:59 kaydee-virtual-machine kernel: acpiphp: Slot [47] registered
Aug 11 10:55:59 kaydee-virtual-machine kernel: acpiphp: Slot [48] registered
Aug 11 10:55:59 kaydee-virtual-machine kernel: acpiphp: Slot [49] registered
Aug 11 10:55:59 kaydee-virtual-machine kernel: acpiphp: Slot [50] registered
Aug 11 10:55:59 kaydee-virtual-machine kernel: acpiphp: Slot [51] registered
Aug 11 10:55:59 kaydee-virtual-machine kernel: acpiphp: Slot [52] registered
Aug 11 10:55:59 kaydee-virtual-machine kernel: acpiphp: Slot [53] registered
Aug 11 10:55:59 kaydee-virtual-machine kernel: acpiphp: Slot [54] registered
Aug 11 10:55:59 kaydee-virtual-machine kernel: acpiphp: Slot [55] registered
Aug 11 10:55:59 kaydee-virtual-machine kernel: acpiphp: Slot [56] registered
Aug 11 10:55:59 kaydee-virtual-machine kernel: acpiphp: Slot [57] registered
Aug 11 10:55:59 kaydee-virtual-machine kernel: acpiphp: Slot [58] registered
Aug 11 10:55:59 kaydee-virtual-machine kernel: acpiphp: Slot [59] registered
Aug 11 10:55:59 kaydee-virtual-machine kernel: acpiphp: Slot [60] registered
Aug 11 10:55:59 kaydee-virtual-machine kernel: acpiphp: Slot [61] registered
Aug 11 10:55:59 kaydee-virtual-machine kernel: acpiphp: Slot [62] registered
Aug 11 10:55:59 kaydee-virtual-machine kernel: acpiphp: Slot [63] registered
Aug 11 10:55:59 kaydee-virtual-machine kernel: pci 0000:02:00.0: [15ad:0774] type 00 class 0x0c0300
Aug 11 10:55:59 kaydee-virtual-machine kernel: pci 0000:02:00.0: reg 0x20: [io  0x2080-0x209f]
Aug 11 10:55:59 kaydee-virtual-machine kernel: pci 0000:02:01.0: [8086:100f] type 00 class 0x020000
Aug 11 10:55:59 kaydee-virtual-machine kernel: pci 0000:02:01.0: reg 0x10: [mem 0xfd5c0000-0xfd5dffff 64bit]
Aug 11 10:55:59 kaydee-virtual-machine kernel: pci 0000:02:01.0: reg 0x18: [mem 0xfdff0000-0xfdffffff 64bit]
Aug 11 10:55:59 kaydee-virtual-machine kernel: pci 0000:02:01.0: reg 0x20: [io  0x2000-0x203f]
Aug 11 10:55:59 kaydee-virtual-machine kernel: pci 0000:02:01.0: reg 0x30: [mem 0x00000000-0x0000ffff pref]
Aug 11 10:55:59 kaydee-virtual-machine kernel: pci 0000:02:01.0: PME# supported from D0 D3hot D3cold
Aug 11 10:55:59 kaydee-virtual-machine kernel: pci 0000:02:02.0: [1274:1371] type 00 class 0x040100
Aug 11 10:55:59 kaydee-virtual-machine kernel: pci 0000:02:02.0: reg 0x10: [io  0x2040-0x207f]
Aug 11 10:55:59 kaydee-virtual-machine kernel: pci 0000:02:03.0: [15ad:0770] type 00 class 0x0c0320
Aug 11 10:55:59 kaydee-virtual-machine kernel: pci 0000:02:03.0: reg 0x10: [mem 0xfd5ef000-0xfd5effff]
Aug 11 10:55:59 kaydee-virtual-machine kernel: pci 0000:02:05.0: [15ad:07e0] type 00 class 0x010601
Aug 11 10:55:59 kaydee-virtual-machine kernel: pci 0000:02:05.0: reg 0x24: [mem 0xfd5ee000-0xfd5eefff]
Aug 11 10:55:59 kaydee-virtual-machine kernel: pci 0000:02:05.0: reg 0x30: [mem 0x00000000-0x0000ffff pref]
Aug 11 10:55:59 kaydee-virtual-machine kernel: pci 0000:02:05.0: PME# supported from D3hot
Aug 11 10:55:59 kaydee-virtual-machine kernel: pci 0000:00:11.0: PCI bridge to [bus 02] (subtractive decode)
Aug 11 10:55:59 kaydee-virtual-machine kernel: pci 0000:00:11.0:   bridge window [io  0x2000-0x3fff]
Aug 11 10:55:59 kaydee-virtual-machine kernel: pci 0000:00:11.0:   bridge window [mem 0xfd500000-0xfdffffff]
Aug 11 10:55:59 kaydee-virtual-machine kernel: pci 0000:00:11.0:   bridge window [mem 0xe7b00000-0xe7ffffff 64bit pref]
Aug 11 10:55:59 kaydee-virtual-machine kernel: pci 0000:00:11.0:   bridge window [mem 0x000a0000-0x000bffff window] (subtractive decode)
Aug 11 10:55:59 kaydee-virtual-machine kernel: pci 0000:00:11.0:   bridge window [mem 0x000d0000-0x000dbfff window] (subtractive decode)
Aug 11 10:55:59 kaydee-virtual-machine kernel: pci 0000:00:11.0:   bridge window [mem 0xc0000000-0xfebfffff window] (subtractive decode)
Aug 11 10:55:59 kaydee-virtual-machine kernel: pci 0000:00:11.0:   bridge window [io  0x0000-0x0cf7 window] (subtractive decode)
Aug 11 10:55:59 kaydee-virtual-machine kernel: pci 0000:00:11.0:   bridge window [io  0x0d00-0xfeff window] (subtractive decode)
Aug 11 10:55:59 kaydee-virtual-machine kernel: pci 0000:00:15.0: PCI bridge to [bus 03]
Aug 11 10:55:59 kaydee-virtual-machine kernel: pci 0000:00:15.0:   bridge window [io  0x4000-0x4fff]
Aug 11 10:55:59 kaydee-virtual-machine kernel: pci 0000:00:15.0:   bridge window [mem 0xfd400000-0xfd4fffff]
Aug 11 10:55:59 kaydee-virtual-machine kernel: pci 0000:00:15.0:   bridge window [mem 0xe7a00000-0xe7afffff 64bit pref]
Aug 11 10:55:59 kaydee-virtual-machine kernel: pci 0000:00:15.1: PCI bridge to [bus 04]
Aug 11 10:55:59 kaydee-virtual-machine kernel: pci 0000:00:15.1:   bridge window [io  0x8000-0x8fff]
Aug 11 10:55:59 kaydee-virtual-machine kernel: pci 0000:00:15.1:   bridge window [mem 0xfd000000-0xfd0fffff]
Aug 11 10:55:59 kaydee-virtual-machine kernel: pci 0000:00:15.1:   bridge window [mem 0xe7600000-0xe76fffff 64bit pref]
Aug 11 10:55:59 kaydee-virtual-machine kernel: pci 0000:00:15.2: PCI bridge to [bus 05]
Aug 11 10:55:59 kaydee-virtual-machine kernel: pci 0000:00:15.2:   bridge window [io  0xc000-0xcfff]
Aug 11 10:55:59 kaydee-virtual-machine kernel: pci 0000:00:15.2:   bridge window [mem 0xfcc00000-0xfccfffff]
Aug 11 10:55:59 kaydee-virtual-machine kernel: pci 0000:00:15.2:   bridge window [mem 0xe7200000-0xe72fffff 64bit pref]
Aug 11 10:55:59 kaydee-virtual-machine kernel: pci 0000:00:15.3: PCI bridge to [bus 06]
Aug 11 10:55:59 kaydee-virtual-machine kernel: pci 0000:00:15.3:   bridge window [mem 0xfc800000-0xfc8fffff]
Aug 11 10:55:59 kaydee-virtual-machine kernel: pci 0000:00:15.3:   bridge window [mem 0xe6e00000-0xe6efffff 64bit pref]
Aug 11 10:55:59 kaydee-virtual-machine kernel: pci 0000:00:15.4: PCI bridge to [bus 07]
Aug 11 10:55:59 kaydee-virtual-machine kernel: pci 0000:00:15.4:   bridge window [mem 0xfc400000-0xfc4fffff]
Aug 11 10:55:59 kaydee-virtual-machine kernel: pci 0000:00:15.4:   bridge window [mem 0xe6a00000-0xe6afffff 64bit pref]
Aug 11 10:55:59 kaydee-virtual-machine kernel: pci 0000:00:15.5: PCI bridge to [bus 08]
Aug 11 10:55:59 kaydee-virtual-machine kernel: pci 0000:00:15.5:   bridge window [mem 0xfc000000-0xfc0fffff]
Aug 11 10:55:59 kaydee-virtual-machine kernel: pci 0000:00:15.5:   bridge window [mem 0xe6600000-0xe66fffff 64bit pref]
Aug 11 10:55:59 kaydee-virtual-machine kernel: pci 0000:00:15.6: PCI bridge to [bus 09]
Aug 11 10:55:59 kaydee-virtual-machine kernel: pci 0000:00:15.6:   bridge window [mem 0xfbc00000-0xfbcfffff]
Aug 11 10:55:59 kaydee-virtual-machine kernel: pci 0000:00:15.6:   bridge window [mem 0xe6200000-0xe62fffff 64bit pref]
Aug 11 10:55:59 kaydee-virtual-machine kernel: pci 0000:00:15.7: PCI bridge to [bus 0a]
Aug 11 10:55:59 kaydee-virtual-machine kernel: pci 0000:00:15.7:   bridge window [mem 0xfb800000-0xfb8fffff]
Aug 11 10:55:59 kaydee-virtual-machine kernel: pci 0000:00:15.7:   bridge window [mem 0xe5e00000-0xe5efffff 64bit pref]
Aug 11 10:55:59 kaydee-virtual-machine kernel: pci 0000:00:16.0: PCI bridge to [bus 0b]
Aug 11 10:55:59 kaydee-virtual-machine kernel: pci 0000:00:16.0:   bridge window [io  0x5000-0x5fff]
Aug 11 10:55:59 kaydee-virtual-machine kernel: pci 0000:00:16.0:   bridge window [mem 0xfd300000-0xfd3fffff]
Aug 11 10:55:59 kaydee-virtual-machine kernel: pci 0000:00:16.0:   bridge window [mem 0xe7900000-0xe79fffff 64bit pref]
Aug 11 10:55:59 kaydee-virtual-machine kernel: pci 0000:00:16.1: PCI bridge to [bus 0c]
Aug 11 10:55:59 kaydee-virtual-machine kernel: pci 0000:00:16.1:   bridge window [io  0x9000-0x9fff]
Aug 11 10:55:59 kaydee-virtual-machine kernel: pci 0000:00:16.1:   bridge window [mem 0xfcf00000-0xfcffffff]
Aug 11 10:55:59 kaydee-virtual-machine kernel: pci 0000:00:16.1:   bridge window [mem 0xe7500000-0xe75fffff 64bit pref]
Aug 11 10:55:59 kaydee-virtual-machine kernel: pci 0000:00:16.2: PCI bridge to [bus 0d]
Aug 11 10:55:59 kaydee-virtual-machine kernel: pci 0000:00:16.2:   bridge window [io  0xd000-0xdfff]
Aug 11 10:55:59 kaydee-virtual-machine kernel: pci 0000:00:16.2:   bridge window [mem 0xfcb00000-0xfcbfffff]
Aug 11 10:55:59 kaydee-virtual-machine kernel: pci 0000:00:16.2:   bridge window [mem 0xe7100000-0xe71fffff 64bit pref]
Aug 11 10:55:59 kaydee-virtual-machine kernel: pci 0000:00:16.3: PCI bridge to [bus 0e]
Aug 11 10:55:59 kaydee-virtual-machine kernel: pci 0000:00:16.3:   bridge window [mem 0xfc700000-0xfc7fffff]
Aug 11 10:55:59 kaydee-virtual-machine kernel: pci 0000:00:16.3:   bridge window [mem 0xe6d00000-0xe6dfffff 64bit pref]
Aug 11 10:55:59 kaydee-virtual-machine kernel: pci 0000:00:16.4: PCI bridge to [bus 0f]
Aug 11 10:55:59 kaydee-virtual-machine kernel: pci 0000:00:16.4:   bridge window [mem 0xfc300000-0xfc3fffff]
Aug 11 10:55:59 kaydee-virtual-machine kernel: pci 0000:00:16.4:   bridge window [mem 0xe6900000-0xe69fffff 64bit pref]
Aug 11 10:55:59 kaydee-virtual-machine kernel: pci 0000:00:16.5: PCI bridge to [bus 10]
Aug 11 10:55:59 kaydee-virtual-machine kernel: pci 0000:00:16.5:   bridge window [mem 0xfbf00000-0xfbffffff]
Aug 11 10:55:59 kaydee-virtual-machine kernel: pci 0000:00:16.5:   bridge window [mem 0xe6500000-0xe65fffff 64bit pref]
Aug 11 10:55:59 kaydee-virtual-machine kernel: pci 0000:00:16.6: PCI bridge to [bus 11]
Aug 11 10:55:59 kaydee-virtual-machine kernel: pci 0000:00:16.6:   bridge window [mem 0xfbb00000-0xfbbfffff]
Aug 11 10:55:59 kaydee-virtual-machine kernel: pci 0000:00:16.6:   bridge window [mem 0xe6100000-0xe61fffff 64bit pref]
Aug 11 10:55:59 kaydee-virtual-machine kernel: pci 0000:00:16.7: PCI bridge to [bus 12]
Aug 11 10:55:59 kaydee-virtual-machine kernel: pci 0000:00:16.7:   bridge window [mem 0xfb700000-0xfb7fffff]
Aug 11 10:55:59 kaydee-virtual-machine kernel: pci 0000:00:16.7:   bridge window [mem 0xe5d00000-0xe5dfffff 64bit pref]
Aug 11 10:55:59 kaydee-virtual-machine kernel: pci 0000:00:17.0: PCI bridge to [bus 13]
Aug 11 10:55:59 kaydee-virtual-machine kernel: pci 0000:00:17.0:   bridge window [io  0x6000-0x6fff]
Aug 11 10:55:59 kaydee-virtual-machine kernel: pci 0000:00:17.0:   bridge window [mem 0xfd200000-0xfd2fffff]
Aug 11 10:55:59 kaydee-virtual-machine kernel: pci 0000:00:17.0:   bridge window [mem 0xe7800000-0xe78fffff 64bit pref]
Aug 11 10:55:59 kaydee-virtual-machine kernel: pci 0000:00:17.1: PCI bridge to [bus 14]
Aug 11 10:55:59 kaydee-virtual-machine kernel: pci 0000:00:17.1:   bridge window [io  0xa000-0xafff]
Aug 11 10:55:59 kaydee-virtual-machine kernel: pci 0000:00:17.1:   bridge window [mem 0xfce00000-0xfcefffff]
Aug 11 10:55:59 kaydee-virtual-machine kernel: pci 0000:00:17.1:   bridge window [mem 0xe7400000-0xe74fffff 64bit pref]
Aug 11 10:55:59 kaydee-virtual-machine kernel: pci 0000:00:17.2: PCI bridge to [bus 15]
Aug 11 10:55:59 kaydee-virtual-machine kernel: pci 0000:00:17.2:   bridge window [io  0xe000-0xefff]
Aug 11 10:55:59 kaydee-virtual-machine kernel: pci 0000:00:17.2:   bridge window [mem 0xfca00000-0xfcafffff]
Aug 11 10:55:59 kaydee-virtual-machine kernel: pci 0000:00:17.2:   bridge window [mem 0xe7000000-0xe70fffff 64bit pref]
Aug 11 10:55:59 kaydee-virtual-machine kernel: pci 0000:00:17.3: PCI bridge to [bus 16]
Aug 11 10:55:59 kaydee-virtual-machine kernel: pci 0000:00:17.3:   bridge window [mem 0xfc600000-0xfc6fffff]
Aug 11 10:55:59 kaydee-virtual-machine kernel: pci 0000:00:17.3:   bridge window [mem 0xe6c00000-0xe6cfffff 64bit pref]
Aug 11 10:55:59 kaydee-virtual-machine kernel: pci 0000:00:17.4: PCI bridge to [bus 17]
Aug 11 10:55:59 kaydee-virtual-machine kernel: pci 0000:00:17.4:   bridge window [mem 0xfc200000-0xfc2fffff]
Aug 11 10:55:59 kaydee-virtual-machine kernel: pci 0000:00:17.4:   bridge window [mem 0xe6800000-0xe68fffff 64bit pref]
Aug 11 10:55:59 kaydee-virtual-machine kernel: pci 0000:00:17.5: PCI bridge to [bus 18]
Aug 11 10:55:59 kaydee-virtual-machine kernel: pci 0000:00:17.5:   bridge window [mem 0xfbe00000-0xfbefffff]
Aug 11 10:55:59 kaydee-virtual-machine kernel: pci 0000:00:17.5:   bridge window [mem 0xe6400000-0xe64fffff 64bit pref]
Aug 11 10:55:59 kaydee-virtual-machine kernel: pci 0000:00:17.6: PCI bridge to [bus 19]
Aug 11 10:55:59 kaydee-virtual-machine kernel: pci 0000:00:17.6:   bridge window [mem 0xfba00000-0xfbafffff]
Aug 11 10:55:59 kaydee-virtual-machine kernel: pci 0000:00:17.6:   bridge window [mem 0xe6000000-0xe60fffff 64bit pref]
Aug 11 10:55:59 kaydee-virtual-machine kernel: pci 0000:00:17.7: PCI bridge to [bus 1a]
Aug 11 10:55:59 kaydee-virtual-machine kernel: pci 0000:00:17.7:   bridge window [mem 0xfb600000-0xfb6fffff]
Aug 11 10:55:59 kaydee-virtual-machine kernel: pci 0000:00:17.7:   bridge window [mem 0xe5c00000-0xe5cfffff 64bit pref]
Aug 11 10:55:59 kaydee-virtual-machine kernel: pci 0000:00:18.0: PCI bridge to [bus 1b]
Aug 11 10:55:59 kaydee-virtual-machine kernel: pci 0000:00:18.0:   bridge window [io  0x7000-0x7fff]
Aug 11 10:55:59 kaydee-virtual-machine kernel: pci 0000:00:18.0:   bridge window [mem 0xfd100000-0xfd1fffff]
Aug 11 10:55:59 kaydee-virtual-machine kernel: pci 0000:00:18.0:   bridge window [mem 0xe7700000-0xe77fffff 64bit pref]
Aug 11 10:55:59 kaydee-virtual-machine kernel: pci 0000:00:18.1: PCI bridge to [bus 1c]
Aug 11 10:55:59 kaydee-virtual-machine kernel: pci 0000:00:18.1:   bridge window [io  0xb000-0xbfff]
Aug 11 10:55:59 kaydee-virtual-machine kernel: pci 0000:00:18.1:   bridge window [mem 0xfcd00000-0xfcdfffff]
Aug 11 10:55:59 kaydee-virtual-machine kernel: pci 0000:00:18.1:   bridge window [mem 0xe7300000-0xe73fffff 64bit pref]
Aug 11 10:55:59 kaydee-virtual-machine kernel: pci 0000:00:18.2: PCI bridge to [bus 1d]
Aug 11 10:55:59 kaydee-virtual-machine kernel: pci 0000:00:18.2:   bridge window [mem 0xfc900000-0xfc9fffff]
Aug 11 10:55:59 kaydee-virtual-machine kernel: pci 0000:00:18.2:   bridge window [mem 0xe6f00000-0xe6ffffff 64bit pref]
Aug 11 10:55:59 kaydee-virtual-machine kernel: pci 0000:00:18.3: PCI bridge to [bus 1e]
Aug 11 10:55:59 kaydee-virtual-machine kernel: pci 0000:00:18.3:   bridge window [mem 0xfc500000-0xfc5fffff]
Aug 11 10:55:59 kaydee-virtual-machine kernel: pci 0000:00:18.3:   bridge window [mem 0xe6b00000-0xe6bfffff 64bit pref]
Aug 11 10:55:59 kaydee-virtual-machine kernel: pci 0000:00:18.4: PCI bridge to [bus 1f]
Aug 11 10:55:59 kaydee-virtual-machine kernel: pci 0000:00:18.4:   bridge window [mem 0xfc100000-0xfc1fffff]
Aug 11 10:55:59 kaydee-virtual-machine kernel: pci 0000:00:18.4:   bridge window [mem 0xe6700000-0xe67fffff 64bit pref]
Aug 11 10:55:59 kaydee-virtual-machine kernel: pci 0000:00:18.5: PCI bridge to [bus 20]
Aug 11 10:55:59 kaydee-virtual-machine kernel: pci 0000:00:18.5:   bridge window [mem 0xfbd00000-0xfbdfffff]
Aug 11 10:55:59 kaydee-virtual-machine kernel: pci 0000:00:18.5:   bridge window [mem 0xe6300000-0xe63fffff 64bit pref]
Aug 11 10:55:59 kaydee-virtual-machine kernel: pci 0000:00:18.6: PCI bridge to [bus 21]
Aug 11 10:55:59 kaydee-virtual-machine kernel: pci 0000:00:18.6:   bridge window [mem 0xfb900000-0xfb9fffff]
Aug 11 10:55:59 kaydee-virtual-machine kernel: pci 0000:00:18.6:   bridge window [mem 0xe5f00000-0xe5ffffff 64bit pref]
Aug 11 10:55:59 kaydee-virtual-machine kernel: pci 0000:00:18.7: PCI bridge to [bus 22]
Aug 11 10:55:59 kaydee-virtual-machine kernel: pci 0000:00:18.7:   bridge window [mem 0xfb500000-0xfb5fffff]
Aug 11 10:55:59 kaydee-virtual-machine kernel: pci 0000:00:18.7:   bridge window [mem 0xe5b00000-0xe5bfffff 64bit pref]
Aug 11 10:55:59 kaydee-virtual-machine kernel: ACPI: PCI: Interrupt link LNKA configured for IRQ 9
Aug 11 10:55:59 kaydee-virtual-machine kernel: ACPI: PCI: Interrupt link LNKB configured for IRQ 11
Aug 11 10:55:59 kaydee-virtual-machine kernel: ACPI: PCI: Interrupt link LNKC configured for IRQ 10
Aug 11 10:55:59 kaydee-virtual-machine kernel: ACPI: PCI: Interrupt link LNKD configured for IRQ 7
Aug 11 10:55:59 kaydee-virtual-machine kernel: iommu: Default domain type: Translated 
Aug 11 10:55:59 kaydee-virtual-machine kernel: iommu: DMA domain TLB invalidation policy: lazy mode 
Aug 11 10:55:59 kaydee-virtual-machine kernel: SCSI subsystem initialized
Aug 11 10:55:59 kaydee-virtual-machine kernel: libata version 3.00 loaded.
Aug 11 10:55:59 kaydee-virtual-machine kernel: ACPI: bus type USB registered
Aug 11 10:55:59 kaydee-virtual-machine kernel: usbcore: registered new interface driver usbfs
Aug 11 10:55:59 kaydee-virtual-machine kernel: usbcore: registered new interface driver hub
Aug 11 10:55:59 kaydee-virtual-machine kernel: usbcore: registered new device driver usb
Aug 11 10:55:59 kaydee-virtual-machine kernel: pps_core: LinuxPPS API ver. 1 registered
Aug 11 10:55:59 kaydee-virtual-machine kernel: pps_core: Software ver. 5.3.6 - Copyright 2005-2007 Rodolfo Giometti <giometti@linux.it>
Aug 11 10:55:59 kaydee-virtual-machine kernel: PTP clock support registered
Aug 11 10:55:59 kaydee-virtual-machine kernel: EDAC MC: Ver: 3.0.0
Aug 11 10:55:59 kaydee-virtual-machine kernel: NetLabel: Initializing
Aug 11 10:55:59 kaydee-virtual-machine kernel: NetLabel:  domain hash size = 128
Aug 11 10:55:59 kaydee-virtual-machine kernel: NetLabel:  protocols = UNLABELED CIPSOv4 CALIPSO
Aug 11 10:55:59 kaydee-virtual-machine kernel: NetLabel:  unlabeled traffic allowed by default
Aug 11 10:55:59 kaydee-virtual-machine kernel: mctp: management component transport protocol core
Aug 11 10:55:59 kaydee-virtual-machine kernel: NET: Registered PF_MCTP protocol family
Aug 11 10:55:59 kaydee-virtual-machine kernel: PCI: Using ACPI for IRQ routing
Aug 11 10:55:59 kaydee-virtual-machine kernel: PCI: pci_cache_line_size set to 64 bytes
Aug 11 10:55:59 kaydee-virtual-machine kernel: e820: reserve RAM buffer [mem 0x0009e800-0x0009ffff]
Aug 11 10:55:59 kaydee-virtual-machine kernel: e820: reserve RAM buffer [mem 0xbfed0000-0xbfffffff]
Aug 11 10:55:59 kaydee-virtual-machine kernel: pci 0000:00:0f.0: vgaarb: setting as boot VGA device
Aug 11 10:55:59 kaydee-virtual-machine kernel: pci 0000:00:0f.0: vgaarb: bridge control possible
Aug 11 10:55:59 kaydee-virtual-machine kernel: pci 0000:00:0f.0: vgaarb: VGA device added: decodes=io+mem,owns=io+mem,locks=none
Aug 11 10:55:59 kaydee-virtual-machine kernel: vgaarb: loaded
Aug 11 10:55:59 kaydee-virtual-machine kernel: hpet0: at MMIO 0xfed00000, IRQs 2, 8, 0, 0, 0, 0, 0, 0, 0, 0, 0, 0, 0, 0, 0, 0
Aug 11 10:55:59 kaydee-virtual-machine kernel: hpet0: 16 comparators, 64-bit 14.318180 MHz counter
Aug 11 10:55:59 kaydee-virtual-machine kernel: clocksource: Switched to clocksource tsc-early
Aug 11 10:55:59 kaydee-virtual-machine kernel: VFS: Disk quotas dquot_6.6.0
Aug 11 10:55:59 kaydee-virtual-machine kernel: VFS: Dquot-cache hash table entries: 512 (order 0, 4096 bytes)
Aug 11 10:55:59 kaydee-virtual-machine kernel: AppArmor: AppArmor Filesystem Enabled
Aug 11 10:55:59 kaydee-virtual-machine kernel: pnp: PnP ACPI init
Aug 11 10:55:59 kaydee-virtual-machine kernel: system 00:00: [io  0x1000-0x103f] has been reserved
Aug 11 10:55:59 kaydee-virtual-machine kernel: system 00:00: [io  0x1040-0x104f] has been reserved
Aug 11 10:55:59 kaydee-virtual-machine kernel: system 00:00: [io  0x0cf0-0x0cf1] has been reserved
Aug 11 10:55:59 kaydee-virtual-machine kernel: system 00:04: [mem 0xfed00000-0xfed003ff] has been reserved
Aug 11 10:55:59 kaydee-virtual-machine kernel: system 00:06: [io  0xfce0-0xfcff] has been reserved
Aug 11 10:55:59 kaydee-virtual-machine kernel: system 00:06: [mem 0xf0000000-0xf7ffffff] has been reserved
Aug 11 10:55:59 kaydee-virtual-machine kernel: system 00:06: [mem 0xfe800000-0xfe9fffff] has been reserved
Aug 11 10:55:59 kaydee-virtual-machine kernel: pnp: PnP ACPI: found 7 devices
Aug 11 10:55:59 kaydee-virtual-machine kernel: clocksource: acpi_pm: mask: 0xffffff max_cycles: 0xffffff, max_idle_ns: 2085701024 ns
Aug 11 10:55:59 kaydee-virtual-machine kernel: NET: Registered PF_INET protocol family
Aug 11 10:55:59 kaydee-virtual-machine kernel: IP idents hash table entries: 65536 (order: 7, 524288 bytes, linear)
Aug 11 10:55:59 kaydee-virtual-machine kernel: tcp_listen_portaddr_hash hash table entries: 2048 (order: 3, 32768 bytes, linear)
Aug 11 10:55:59 kaydee-virtual-machine kernel: Table-perturb hash table entries: 65536 (order: 6, 262144 bytes, linear)
Aug 11 10:55:59 kaydee-virtual-machine kernel: TCP established hash table entries: 32768 (order: 6, 262144 bytes, linear)
Aug 11 10:55:59 kaydee-virtual-machine kernel: TCP bind hash table entries: 32768 (order: 8, 1048576 bytes, linear)
Aug 11 10:55:59 kaydee-virtual-machine kernel: TCP: Hash tables configured (established 32768 bind 32768)
Aug 11 10:55:59 kaydee-virtual-machine kernel: MPTCP token hash table entries: 4096 (order: 4, 98304 bytes, linear)
Aug 11 10:55:59 kaydee-virtual-machine kernel: UDP hash table entries: 2048 (order: 4, 65536 bytes, linear)
Aug 11 10:55:59 kaydee-virtual-machine kernel: UDP-Lite hash table entries: 2048 (order: 4, 65536 bytes, linear)
Aug 11 10:55:59 kaydee-virtual-machine kernel: NET: Registered PF_UNIX/PF_LOCAL protocol family
Aug 11 10:55:59 kaydee-virtual-machine kernel: NET: Registered PF_XDP protocol family
Aug 11 10:55:59 kaydee-virtual-machine kernel: pci 0000:00:15.3: bridge window [io  0x1000-0x0fff] to [bus 06] add_size 1000
Aug 11 10:55:59 kaydee-virtual-machine kernel: pci 0000:00:15.4: bridge window [io  0x1000-0x0fff] to [bus 07] add_size 1000
Aug 11 10:55:59 kaydee-virtual-machine kernel: pci 0000:00:15.5: bridge window [io  0x1000-0x0fff] to [bus 08] add_size 1000
Aug 11 10:55:59 kaydee-virtual-machine kernel: pci 0000:00:15.6: bridge window [io  0x1000-0x0fff] to [bus 09] add_size 1000
Aug 11 10:55:59 kaydee-virtual-machine kernel: pci 0000:00:15.7: bridge window [io  0x1000-0x0fff] to [bus 0a] add_size 1000
Aug 11 10:55:59 kaydee-virtual-machine kernel: pci 0000:00:16.3: bridge window [io  0x1000-0x0fff] to [bus 0e] add_size 1000
Aug 11 10:55:59 kaydee-virtual-machine kernel: pci 0000:00:16.4: bridge window [io  0x1000-0x0fff] to [bus 0f] add_size 1000
Aug 11 10:55:59 kaydee-virtual-machine kernel: pci 0000:00:16.5: bridge window [io  0x1000-0x0fff] to [bus 10] add_size 1000
Aug 11 10:55:59 kaydee-virtual-machine kernel: pci 0000:00:16.6: bridge window [io  0x1000-0x0fff] to [bus 11] add_size 1000
Aug 11 10:55:59 kaydee-virtual-machine kernel: pci 0000:00:16.7: bridge window [io  0x1000-0x0fff] to [bus 12] add_size 1000
Aug 11 10:55:59 kaydee-virtual-machine kernel: pci 0000:00:17.3: bridge window [io  0x1000-0x0fff] to [bus 16] add_size 1000
Aug 11 10:55:59 kaydee-virtual-machine kernel: pci 0000:00:17.4: bridge window [io  0x1000-0x0fff] to [bus 17] add_size 1000
Aug 11 10:55:59 kaydee-virtual-machine kernel: pci 0000:00:17.5: bridge window [io  0x1000-0x0fff] to [bus 18] add_size 1000
Aug 11 10:55:59 kaydee-virtual-machine kernel: pci 0000:00:17.6: bridge window [io  0x1000-0x0fff] to [bus 19] add_size 1000
Aug 11 10:55:59 kaydee-virtual-machine kernel: pci 0000:00:17.7: bridge window [io  0x1000-0x0fff] to [bus 1a] add_size 1000
Aug 11 10:55:59 kaydee-virtual-machine kernel: pci 0000:00:18.2: bridge window [io  0x1000-0x0fff] to [bus 1d] add_size 1000
Aug 11 10:55:59 kaydee-virtual-machine kernel: pci 0000:00:18.3: bridge window [io  0x1000-0x0fff] to [bus 1e] add_size 1000
Aug 11 10:55:59 kaydee-virtual-machine kernel: pci 0000:00:18.4: bridge window [io  0x1000-0x0fff] to [bus 1f] add_size 1000
Aug 11 10:55:59 kaydee-virtual-machine kernel: pci 0000:00:18.5: bridge window [io  0x1000-0x0fff] to [bus 20] add_size 1000
Aug 11 10:55:59 kaydee-virtual-machine kernel: pci 0000:00:18.6: bridge window [io  0x1000-0x0fff] to [bus 21] add_size 1000
Aug 11 10:55:59 kaydee-virtual-machine kernel: pci 0000:00:18.7: bridge window [io  0x1000-0x0fff] to [bus 22] add_size 1000
Aug 11 10:55:59 kaydee-virtual-machine kernel: pci 0000:00:10.0: BAR 6: assigned [mem 0xc0000000-0xc0003fff pref]
Aug 11 10:55:59 kaydee-virtual-machine kernel: pci 0000:00:15.3: BAR 13: no space for [io  size 0x1000]
Aug 11 10:55:59 kaydee-virtual-machine kernel: pci 0000:00:15.3: BAR 13: failed to assign [io  size 0x1000]
Aug 11 10:55:59 kaydee-virtual-machine kernel: pci 0000:00:15.4: BAR 13: no space for [io  size 0x1000]
Aug 11 10:55:59 kaydee-virtual-machine kernel: pci 0000:00:15.4: BAR 13: failed to assign [io  size 0x1000]
Aug 11 10:55:59 kaydee-virtual-machine kernel: pci 0000:00:15.5: BAR 13: no space for [io  size 0x1000]
Aug 11 10:55:59 kaydee-virtual-machine kernel: pci 0000:00:15.5: BAR 13: failed to assign [io  size 0x1000]
Aug 11 10:55:59 kaydee-virtual-machine kernel: pci 0000:00:15.6: BAR 13: no space for [io  size 0x1000]
Aug 11 10:55:59 kaydee-virtual-machine kernel: pci 0000:00:15.6: BAR 13: failed to assign [io  size 0x1000]
Aug 11 10:55:59 kaydee-virtual-machine kernel: pci 0000:00:15.7: BAR 13: no space for [io  size 0x1000]
Aug 11 10:55:59 kaydee-virtual-machine kernel: pci 0000:00:15.7: BAR 13: failed to assign [io  size 0x1000]
Aug 11 10:55:59 kaydee-virtual-machine kernel: pci 0000:00:16.3: BAR 13: no space for [io  size 0x1000]
Aug 11 10:55:59 kaydee-virtual-machine kernel: pci 0000:00:16.3: BAR 13: failed to assign [io  size 0x1000]
Aug 11 10:55:59 kaydee-virtual-machine kernel: pci 0000:00:16.4: BAR 13: no space for [io  size 0x1000]
Aug 11 10:55:59 kaydee-virtual-machine kernel: pci 0000:00:16.4: BAR 13: failed to assign [io  size 0x1000]
Aug 11 10:55:59 kaydee-virtual-machine kernel: pci 0000:00:16.5: BAR 13: no space for [io  size 0x1000]
Aug 11 10:55:59 kaydee-virtual-machine kernel: pci 0000:00:16.5: BAR 13: failed to assign [io  size 0x1000]
Aug 11 10:55:59 kaydee-virtual-machine kernel: pci 0000:00:16.6: BAR 13: no space for [io  size 0x1000]
Aug 11 10:55:59 kaydee-virtual-machine kernel: pci 0000:00:16.6: BAR 13: failed to assign [io  size 0x1000]
Aug 11 10:55:59 kaydee-virtual-machine kernel: pci 0000:00:16.7: BAR 13: no space for [io  size 0x1000]
Aug 11 10:55:59 kaydee-virtual-machine kernel: pci 0000:00:16.7: BAR 13: failed to assign [io  size 0x1000]
Aug 11 10:55:59 kaydee-virtual-machine kernel: pci 0000:00:17.3: BAR 13: no space for [io  size 0x1000]
Aug 11 10:55:59 kaydee-virtual-machine kernel: pci 0000:00:17.3: BAR 13: failed to assign [io  size 0x1000]
Aug 11 10:55:59 kaydee-virtual-machine kernel: pci 0000:00:17.4: BAR 13: no space for [io  size 0x1000]
Aug 11 10:55:59 kaydee-virtual-machine kernel: pci 0000:00:17.4: BAR 13: failed to assign [io  size 0x1000]
Aug 11 10:55:59 kaydee-virtual-machine kernel: pci 0000:00:17.5: BAR 13: no space for [io  size 0x1000]
Aug 11 10:55:59 kaydee-virtual-machine kernel: pci 0000:00:17.5: BAR 13: failed to assign [io  size 0x1000]
Aug 11 10:55:59 kaydee-virtual-machine kernel: pci 0000:00:17.6: BAR 13: no space for [io  size 0x1000]
Aug 11 10:55:59 kaydee-virtual-machine kernel: pci 0000:00:17.6: BAR 13: failed to assign [io  size 0x1000]
Aug 11 10:55:59 kaydee-virtual-machine kernel: pci 0000:00:17.7: BAR 13: no space for [io  size 0x1000]
Aug 11 10:55:59 kaydee-virtual-machine kernel: pci 0000:00:17.7: BAR 13: failed to assign [io  size 0x1000]
Aug 11 10:55:59 kaydee-virtual-machine kernel: pci 0000:00:18.2: BAR 13: no space for [io  size 0x1000]
Aug 11 10:55:59 kaydee-virtual-machine kernel: pci 0000:00:18.2: BAR 13: failed to assign [io  size 0x1000]
Aug 11 10:55:59 kaydee-virtual-machine kernel: pci 0000:00:18.3: BAR 13: no space for [io  size 0x1000]
Aug 11 10:55:59 kaydee-virtual-machine kernel: pci 0000:00:18.3: BAR 13: failed to assign [io  size 0x1000]
Aug 11 10:55:59 kaydee-virtual-machine kernel: pci 0000:00:18.4: BAR 13: no space for [io  size 0x1000]
Aug 11 10:55:59 kaydee-virtual-machine kernel: pci 0000:00:18.4: BAR 13: failed to assign [io  size 0x1000]
Aug 11 10:55:59 kaydee-virtual-machine kernel: pci 0000:00:18.5: BAR 13: no space for [io  size 0x1000]
Aug 11 10:55:59 kaydee-virtual-machine kernel: pci 0000:00:18.5: BAR 13: failed to assign [io  size 0x1000]
Aug 11 10:55:59 kaydee-virtual-machine kernel: pci 0000:00:18.6: BAR 13: no space for [io  size 0x1000]
Aug 11 10:55:59 kaydee-virtual-machine kernel: pci 0000:00:18.6: BAR 13: failed to assign [io  size 0x1000]
Aug 11 10:55:59 kaydee-virtual-machine kernel: pci 0000:00:18.7: BAR 13: no space for [io  size 0x1000]
Aug 11 10:55:59 kaydee-virtual-machine kernel: pci 0000:00:18.7: BAR 13: failed to assign [io  size 0x1000]
Aug 11 10:55:59 kaydee-virtual-machine kernel: pci 0000:00:18.7: BAR 13: no space for [io  size 0x1000]
Aug 11 10:55:59 kaydee-virtual-machine kernel: pci 0000:00:18.7: BAR 13: failed to assign [io  size 0x1000]
Aug 11 10:55:59 kaydee-virtual-machine kernel: pci 0000:00:18.6: BAR 13: no space for [io  size 0x1000]
Aug 11 10:55:59 kaydee-virtual-machine kernel: pci 0000:00:18.6: BAR 13: failed to assign [io  size 0x1000]
Aug 11 10:55:59 kaydee-virtual-machine kernel: pci 0000:00:18.5: BAR 13: no space for [io  size 0x1000]
Aug 11 10:55:59 kaydee-virtual-machine kernel: pci 0000:00:18.5: BAR 13: failed to assign [io  size 0x1000]
Aug 11 10:55:59 kaydee-virtual-machine kernel: pci 0000:00:18.4: BAR 13: no space for [io  size 0x1000]
Aug 11 10:55:59 kaydee-virtual-machine kernel: pci 0000:00:18.4: BAR 13: failed to assign [io  size 0x1000]
Aug 11 10:55:59 kaydee-virtual-machine kernel: pci 0000:00:18.3: BAR 13: no space for [io  size 0x1000]
Aug 11 10:55:59 kaydee-virtual-machine kernel: pci 0000:00:18.3: BAR 13: failed to assign [io  size 0x1000]
Aug 11 10:55:59 kaydee-virtual-machine kernel: pci 0000:00:18.2: BAR 13: no space for [io  size 0x1000]
Aug 11 10:55:59 kaydee-virtual-machine kernel: pci 0000:00:18.2: BAR 13: failed to assign [io  size 0x1000]
Aug 11 10:55:59 kaydee-virtual-machine kernel: pci 0000:00:17.7: BAR 13: no space for [io  size 0x1000]
Aug 11 10:55:59 kaydee-virtual-machine kernel: pci 0000:00:17.7: BAR 13: failed to assign [io  size 0x1000]
Aug 11 10:55:59 kaydee-virtual-machine kernel: pci 0000:00:17.6: BAR 13: no space for [io  size 0x1000]
Aug 11 10:55:59 kaydee-virtual-machine kernel: pci 0000:00:17.6: BAR 13: failed to assign [io  size 0x1000]
Aug 11 10:55:59 kaydee-virtual-machine kernel: pci 0000:00:17.5: BAR 13: no space for [io  size 0x1000]
Aug 11 10:55:59 kaydee-virtual-machine kernel: pci 0000:00:17.5: BAR 13: failed to assign [io  size 0x1000]
Aug 11 10:55:59 kaydee-virtual-machine kernel: pci 0000:00:17.4: BAR 13: no space for [io  size 0x1000]
Aug 11 10:55:59 kaydee-virtual-machine kernel: pci 0000:00:17.4: BAR 13: failed to assign [io  size 0x1000]
Aug 11 10:55:59 kaydee-virtual-machine kernel: pci 0000:00:17.3: BAR 13: no space for [io  size 0x1000]
Aug 11 10:55:59 kaydee-virtual-machine kernel: pci 0000:00:17.3: BAR 13: failed to assign [io  size 0x1000]
Aug 11 10:55:59 kaydee-virtual-machine kernel: pci 0000:00:16.7: BAR 13: no space for [io  size 0x1000]
Aug 11 10:55:59 kaydee-virtual-machine kernel: pci 0000:00:16.7: BAR 13: failed to assign [io  size 0x1000]
Aug 11 10:55:59 kaydee-virtual-machine kernel: pci 0000:00:16.6: BAR 13: no space for [io  size 0x1000]
Aug 11 10:55:59 kaydee-virtual-machine kernel: pci 0000:00:16.6: BAR 13: failed to assign [io  size 0x1000]
Aug 11 10:55:59 kaydee-virtual-machine kernel: pci 0000:00:16.5: BAR 13: no space for [io  size 0x1000]
Aug 11 10:55:59 kaydee-virtual-machine kernel: pci 0000:00:16.5: BAR 13: failed to assign [io  size 0x1000]
Aug 11 10:55:59 kaydee-virtual-machine kernel: pci 0000:00:16.4: BAR 13: no space for [io  size 0x1000]
Aug 11 10:55:59 kaydee-virtual-machine kernel: pci 0000:00:16.4: BAR 13: failed to assign [io  size 0x1000]
Aug 11 10:55:59 kaydee-virtual-machine kernel: pci 0000:00:16.3: BAR 13: no space for [io  size 0x1000]
Aug 11 10:55:59 kaydee-virtual-machine kernel: pci 0000:00:16.3: BAR 13: failed to assign [io  size 0x1000]
Aug 11 10:55:59 kaydee-virtual-machine kernel: pci 0000:00:15.7: BAR 13: no space for [io  size 0x1000]
Aug 11 10:55:59 kaydee-virtual-machine kernel: pci 0000:00:15.7: BAR 13: failed to assign [io  size 0x1000]
Aug 11 10:55:59 kaydee-virtual-machine kernel: pci 0000:00:15.6: BAR 13: no space for [io  size 0x1000]
Aug 11 10:55:59 kaydee-virtual-machine kernel: pci 0000:00:15.6: BAR 13: failed to assign [io  size 0x1000]
Aug 11 10:55:59 kaydee-virtual-machine kernel: pci 0000:00:15.5: BAR 13: no space for [io  size 0x1000]
Aug 11 10:55:59 kaydee-virtual-machine kernel: pci 0000:00:15.5: BAR 13: failed to assign [io  size 0x1000]
Aug 11 10:55:59 kaydee-virtual-machine kernel: pci 0000:00:15.4: BAR 13: no space for [io  size 0x1000]
Aug 11 10:55:59 kaydee-virtual-machine kernel: pci 0000:00:15.4: BAR 13: failed to assign [io  size 0x1000]
Aug 11 10:55:59 kaydee-virtual-machine kernel: pci 0000:00:15.3: BAR 13: no space for [io  size 0x1000]
Aug 11 10:55:59 kaydee-virtual-machine kernel: pci 0000:00:15.3: BAR 13: failed to assign [io  size 0x1000]
Aug 11 10:55:59 kaydee-virtual-machine kernel: pci 0000:00:01.0: PCI bridge to [bus 01]
Aug 11 10:55:59 kaydee-virtual-machine kernel: pci 0000:02:01.0: BAR 6: assigned [mem 0xfd500000-0xfd50ffff pref]
Aug 11 10:55:59 kaydee-virtual-machine kernel: pci 0000:02:05.0: BAR 6: assigned [mem 0xfd510000-0xfd51ffff pref]
Aug 11 10:55:59 kaydee-virtual-machine kernel: pci 0000:00:11.0: PCI bridge to [bus 02]
Aug 11 10:55:59 kaydee-virtual-machine kernel: pci 0000:00:11.0:   bridge window [io  0x2000-0x3fff]
Aug 11 10:55:59 kaydee-virtual-machine kernel: pci 0000:00:11.0:   bridge window [mem 0xfd500000-0xfdffffff]
Aug 11 10:55:59 kaydee-virtual-machine kernel: pci 0000:00:11.0:   bridge window [mem 0xe7b00000-0xe7ffffff 64bit pref]
Aug 11 10:55:59 kaydee-virtual-machine kernel: pci 0000:00:15.0: PCI bridge to [bus 03]
Aug 11 10:55:59 kaydee-virtual-machine kernel: pci 0000:00:15.0:   bridge window [io  0x4000-0x4fff]
Aug 11 10:55:59 kaydee-virtual-machine kernel: pci 0000:00:15.0:   bridge window [mem 0xfd400000-0xfd4fffff]
Aug 11 10:55:59 kaydee-virtual-machine kernel: pci 0000:00:15.0:   bridge window [mem 0xe7a00000-0xe7afffff 64bit pref]
Aug 11 10:55:59 kaydee-virtual-machine kernel: pci 0000:00:15.1: PCI bridge to [bus 04]
Aug 11 10:55:59 kaydee-virtual-machine kernel: pci 0000:00:15.1:   bridge window [io  0x8000-0x8fff]
Aug 11 10:55:59 kaydee-virtual-machine kernel: pci 0000:00:15.1:   bridge window [mem 0xfd000000-0xfd0fffff]
Aug 11 10:55:59 kaydee-virtual-machine kernel: pci 0000:00:15.1:   bridge window [mem 0xe7600000-0xe76fffff 64bit pref]
Aug 11 10:55:59 kaydee-virtual-machine kernel: pci 0000:00:15.2: PCI bridge to [bus 05]
Aug 11 10:55:59 kaydee-virtual-machine kernel: pci 0000:00:15.2:   bridge window [io  0xc000-0xcfff]
Aug 11 10:55:59 kaydee-virtual-machine kernel: pci 0000:00:15.2:   bridge window [mem 0xfcc00000-0xfccfffff]
Aug 11 10:55:59 kaydee-virtual-machine kernel: pci 0000:00:15.2:   bridge window [mem 0xe7200000-0xe72fffff 64bit pref]
Aug 11 10:55:59 kaydee-virtual-machine kernel: pci 0000:00:15.3: PCI bridge to [bus 06]
Aug 11 10:55:59 kaydee-virtual-machine kernel: pci 0000:00:15.3:   bridge window [mem 0xfc800000-0xfc8fffff]
Aug 11 10:55:59 kaydee-virtual-machine kernel: pci 0000:00:15.3:   bridge window [mem 0xe6e00000-0xe6efffff 64bit pref]
Aug 11 10:55:59 kaydee-virtual-machine kernel: pci 0000:00:15.4: PCI bridge to [bus 07]
Aug 11 10:55:59 kaydee-virtual-machine kernel: pci 0000:00:15.4:   bridge window [mem 0xfc400000-0xfc4fffff]
Aug 11 10:55:59 kaydee-virtual-machine kernel: pci 0000:00:15.4:   bridge window [mem 0xe6a00000-0xe6afffff 64bit pref]
Aug 11 10:55:59 kaydee-virtual-machine kernel: pci 0000:00:15.5: PCI bridge to [bus 08]
Aug 11 10:55:59 kaydee-virtual-machine kernel: pci 0000:00:15.5:   bridge window [mem 0xfc000000-0xfc0fffff]
Aug 11 10:55:59 kaydee-virtual-machine kernel: pci 0000:00:15.5:   bridge window [mem 0xe6600000-0xe66fffff 64bit pref]
Aug 11 10:55:59 kaydee-virtual-machine kernel: pci 0000:00:15.6: PCI bridge to [bus 09]
Aug 11 10:55:59 kaydee-virtual-machine kernel: pci 0000:00:15.6:   bridge window [mem 0xfbc00000-0xfbcfffff]
Aug 11 10:55:59 kaydee-virtual-machine kernel: pci 0000:00:15.6:   bridge window [mem 0xe6200000-0xe62fffff 64bit pref]
Aug 11 10:55:59 kaydee-virtual-machine kernel: pci 0000:00:15.7: PCI bridge to [bus 0a]
Aug 11 10:55:59 kaydee-virtual-machine kernel: pci 0000:00:15.7:   bridge window [mem 0xfb800000-0xfb8fffff]
Aug 11 10:55:59 kaydee-virtual-machine kernel: pci 0000:00:15.7:   bridge window [mem 0xe5e00000-0xe5efffff 64bit pref]
Aug 11 10:55:59 kaydee-virtual-machine kernel: pci 0000:00:16.0: PCI bridge to [bus 0b]
Aug 11 10:55:59 kaydee-virtual-machine kernel: pci 0000:00:16.0:   bridge window [io  0x5000-0x5fff]
Aug 11 10:55:59 kaydee-virtual-machine kernel: pci 0000:00:16.0:   bridge window [mem 0xfd300000-0xfd3fffff]
Aug 11 10:55:59 kaydee-virtual-machine kernel: pci 0000:00:16.0:   bridge window [mem 0xe7900000-0xe79fffff 64bit pref]
Aug 11 10:55:59 kaydee-virtual-machine kernel: pci 0000:00:16.1: PCI bridge to [bus 0c]
